<html>
<body>
<pre>
<h1>µVision Build Log</h1>
<h2>Tool Versions:</h2>
IDE-Version: ¦ÌVision V5.38.0.0
Copyright (C) 2022 ARM Ltd and ARM Germany GmbH. All rights reserved.
License Information: k ¹âÍ·ÄÐ×ÓˆÎÓñ, l, LIC=LSNXV-P3CWN-74KS0-BAW70-V8YHH-6PF8T
 
Tool Versions:
Toolchain:       MDK-ARM Plus  Version: 5.38.0.0
Toolchain Path:  D:\Keil5\Core\ARM\ARMCLANG\Bin
C Compiler:      ArmClang.exe V6.19
Assembler:       Armasm.exe V6.19
Linker/Locator:  ArmLink.exe V6.19
Library Manager: ArmAr.exe V6.19
Hex Converter:   FromElf.exe V6.19
CPU DLL:         SARMCM3.DLL V5.38.0.0
Dialog DLL:      DCM.DLL V1.17.5.0
Target DLL:      Segger\JL2CM3.dll V2.99.42.0
Dialog DLL:      TCM.DLL V1.56.4.0
 
<h2>Project:</h2>
F:\Engineering_Project\Motor_Control\Xiaomi_CyberDog1\Xiaomi_CyberDog1\MDK-ARM\Xiaomi_CyberDog1.uvprojx
Project File Date:  01/09/2026

<h2>Output:</h2>
*** Using Compiler 'V6.19', folder: 'D:\Keil5\Core\ARM\ARMCLANG\Bin'
Build target 'Xiaomi_CyberDog1'
compiling filter.c...
linking...
Program Size: Code=52428 RO-data=5112 RW-data=52 ZI-data=15252  
FromELF: creating hex file...
"Xiaomi_CyberDog1\Xiaomi_CyberDog1.axf" - 0 Error(s), 0 Warning(s).

<h2>Software Packages used:</h2>

Package Vendor: ARM
                http://www.keil.com/pack/ARM.CMSIS.5.7.0.pack
                ARM.CMSIS.5.7.0
                CMSIS (Cortex Microcontroller Software Interface Standard)
   * Component: CORE Version: 5.4.0
   * Component: DSP Variant: Library Version: 1.8.0

Package Vendor: GigaDevice
                https://gd32mcu.com/data/documents/pack/GigaDevice.GD32F30x_DFP.2.2.1.pack
                GigaDevice.GD32F30x_DFP.2.2.1
                GigaDevice GD32F30x Series Device Support and Examples

<h2>Collection of Component include folders:</h2>
  ./RTE/_Xiaomi_CyberDog1
  D:/Keil5/Packs/ARM/CMSIS/5.7.0/CMSIS/Core/Include
  D:/Keil5/Packs/ARM/CMSIS/5.7.0/CMSIS/DSP/Include
  D:/Keil5/Packs/GigaDevice/GD32F30x_DFP/2.2.1/Device/Include

<h2>Collection of Component Files used:</h2>

   * Component: ARM::CMSIS:CORE:5.4.0

   * Component: ARM::CMSIS:DSP:Library:1.8.0
      Include file:  CMSIS/DSP/Include/arm_math.h
      Library file:  CMSIS/DSP/Lib/ARM/arm_cortexM4lf_math.lib
Build Time Elapsed:  00:00:01
</pre>
</body>
</html>
