Component: Arm Compiler for Embedded 6.19 Tool: armlink [5e73cb00]

==============================================================================

Section Cross References

    startup_stm32f103xe.o(RESET) refers to startup_stm32f103xe.o(STACK) for __initial_sp
    startup_stm32f103xe.o(RESET) refers to startup_stm32f103xe.o(.text) for Reset_Handler
    startup_stm32f103xe.o(RESET) refers to stm32f1xx_it.o(.text.NMI_Handler) for NMI_Handler
    startup_stm32f103xe.o(RESET) refers to cmb_fault.o(.text) for HardFault_Handler
    startup_stm32f103xe.o(RESET) refers to stm32f1xx_it.o(.text.MemManage_Handler) for MemManage_Handler
    startup_stm32f103xe.o(RESET) refers to stm32f1xx_it.o(.text.BusFault_Handler) for BusFault_Handler
    startup_stm32f103xe.o(RESET) refers to stm32f1xx_it.o(.text.UsageFault_Handler) for UsageFault_Handler
    startup_stm32f103xe.o(RESET) refers to stm32f1xx_it.o(.text.SVC_Handler) for SVC_Handler
    startup_stm32f103xe.o(RESET) refers to stm32f1xx_it.o(.text.DebugMon_Handler) for DebugMon_Handler
    startup_stm32f103xe.o(RESET) refers to stm32f1xx_it.o(.text.PendSV_Handler) for PendSV_Handler
    startup_stm32f103xe.o(RESET) refers to stm32f1xx_it.o(.text.SysTick_Handler) for SysTick_Handler
    startup_stm32f103xe.o(RESET) refers to stm32f1xx_it.o(.text.DMA1_Channel4_IRQHandler) for DMA1_Channel4_IRQHandler
    startup_stm32f103xe.o(RESET) refers to stm32f1xx_it.o(.text.DMA1_Channel5_IRQHandler) for DMA1_Channel5_IRQHandler
    startup_stm32f103xe.o(RESET) refers to stm32f1xx_it.o(.text.ADC1_2_IRQHandler) for ADC1_2_IRQHandler
    startup_stm32f103xe.o(RESET) refers to stm32f1xx_it.o(.text.TIM1_BRK_IRQHandler) for TIM1_BRK_IRQHandler
    startup_stm32f103xe.o(RESET) refers to stm32f1xx_it.o(.text.TIM1_UP_IRQHandler) for TIM1_UP_IRQHandler
    startup_stm32f103xe.o(RESET) refers to stm32f1xx_it.o(.text.SPI2_IRQHandler) for SPI2_IRQHandler
    startup_stm32f103xe.o(RESET) refers to stm32f1xx_it.o(.text.USART2_IRQHandler) for USART2_IRQHandler
    startup_stm32f103xe.o(.text) refers to system_stm32f1xx.o(.text.SystemInit) for SystemInit
    startup_stm32f103xe.o(.text) refers to entry.o(.ARM.Collect$$$$00000000) for __main
    main.o(.text.main) refers to stm32f1xx_hal.o(.text.HAL_Init) for HAL_Init
    main.o(.text.main) refers to main.o(.text.SystemClock_Config) for SystemClock_Config
    main.o(.text.main) refers to gpio.o(.text.MX_GPIO_Init) for MX_GPIO_Init
    main.o(.text.main) refers to dma.o(.text.MX_DMA_Init) for MX_DMA_Init
    main.o(.text.main) refers to adc.o(.text.MX_ADC1_Init) for MX_ADC1_Init
    main.o(.text.main) refers to adc.o(.text.MX_ADC2_Init) for MX_ADC2_Init
    main.o(.text.main) refers to spi.o(.text.MX_SPI2_Init) for MX_SPI2_Init
    main.o(.text.main) refers to tim.o(.text.MX_TIM1_Init) for MX_TIM1_Init
    main.o(.text.main) refers to usart.o(.text.MX_USART2_UART_Init) for MX_USART2_UART_Init
    main.o(.text.main) refers to main_user.o(.text.main_user) for main_user
    main.o(.ARM.exidx.text.main) refers to main.o(.text.main) for [Anonymous Symbol]
    main.o(.text.SystemClock_Config) refers to memseta.o(.text) for __aeabi_memclr4
    main.o(.text.SystemClock_Config) refers to stm32f1xx_hal_rcc.o(.text.HAL_RCC_OscConfig) for HAL_RCC_OscConfig
    main.o(.text.SystemClock_Config) refers to main.o(.text.Error_Handler) for Error_Handler
    main.o(.text.SystemClock_Config) refers to stm32f1xx_hal_rcc.o(.text.HAL_RCC_ClockConfig) for HAL_RCC_ClockConfig
    main.o(.text.SystemClock_Config) refers to stm32f1xx_hal_rcc_ex.o(.text.HAL_RCCEx_PeriphCLKConfig) for HAL_RCCEx_PeriphCLKConfig
    main.o(.ARM.exidx.text.SystemClock_Config) refers to main.o(.text.SystemClock_Config) for [Anonymous Symbol]
    main.o(.ARM.exidx.text.Error_Handler) refers to main.o(.text.Error_Handler) for [Anonymous Symbol]
    gpio.o(.text.MX_GPIO_Init) refers to stm32f1xx_hal_gpio.o(.text.HAL_GPIO_WritePin) for HAL_GPIO_WritePin
    gpio.o(.text.MX_GPIO_Init) refers to stm32f1xx_hal_gpio.o(.text.HAL_GPIO_Init) for HAL_GPIO_Init
    gpio.o(.ARM.exidx.text.MX_GPIO_Init) refers to gpio.o(.text.MX_GPIO_Init) for [Anonymous Symbol]
    adc.o(.text.MX_ADC1_Init) refers to adc.o(.bss.hadc1) for hadc1
    adc.o(.text.MX_ADC1_Init) refers to stm32f1xx_hal_adc.o(.text.HAL_ADC_Init) for HAL_ADC_Init
    adc.o(.text.MX_ADC1_Init) refers to main.o(.text.Error_Handler) for Error_Handler
    adc.o(.text.MX_ADC1_Init) refers to stm32f1xx_hal_adc.o(.text.HAL_ADC_ConfigChannel) for HAL_ADC_ConfigChannel
    adc.o(.text.MX_ADC1_Init) refers to stm32f1xx_hal_adc_ex.o(.text.HAL_ADCEx_InjectedConfigChannel) for HAL_ADCEx_InjectedConfigChannel
    adc.o(.ARM.exidx.text.MX_ADC1_Init) refers to adc.o(.text.MX_ADC1_Init) for [Anonymous Symbol]
    adc.o(.text.MX_ADC2_Init) refers to adc.o(.bss.hadc2) for hadc2
    adc.o(.text.MX_ADC2_Init) refers to stm32f1xx_hal_adc.o(.text.HAL_ADC_Init) for HAL_ADC_Init
    adc.o(.text.MX_ADC2_Init) refers to main.o(.text.Error_Handler) for Error_Handler
[...]
    __Vectors_Size                           0x00000130   Number         0  startup_stm32f103xe.o ABSOLUTE
    Image$$ER_IROM1$$Base                    0x08000000   Number         0  anon$$obj.o ABSOLUTE
    __Vectors                                0x08000000   Data           4  startup_stm32f103xe.o(RESET)
    __Vectors_End                            0x08000130   Data           0  startup_stm32f103xe.o(RESET)
    __main                                   0x08000131   Thumb Code     0  entry.o(.ARM.Collect$$$$00000000)
    _main_stk                                0x08000131   Thumb Code     0  entry2.o(.ARM.Collect$$$$00000001)
    _main_scatterload                        0x08000135   Thumb Code     0  entry5.o(.ARM.Collect$$$$00000004)
    __main_after_scatterload                 0x08000139   Thumb Code     0  entry5.o(.ARM.Collect$$$$00000004)
    _main_clock                              0x08000139   Thumb Code     0  entry7b.o(.ARM.Collect$$$$00000008)
    _main_cpp_init                           0x08000139   Thumb Code     0  entry8b.o(.ARM.Collect$$$$0000000A)
    _main_init                               0x08000139   Thumb Code     0  entry9a.o(.ARM.Collect$$$$0000000B)
    __rt_final_cpp                           0x08000141   Thumb Code     0  entry10a.o(.ARM.Collect$$$$0000000D)
    __rt_final_exit                          0x08000141   Thumb Code     0  entry11a.o(.ARM.Collect$$$$0000000F)
    Reset_Handler                            0x08000145   Thumb Code     8  startup_stm32f103xe.o(.text)
    ADC3_IRQHandler                          0x0800015f   Thumb Code     0  startup_stm32f103xe.o(.text)
    CAN1_RX1_IRQHandler                      0x0800015f   Thumb Code     0  startup_stm32f103xe.o(.text)
    CAN1_SCE_IRQHandler                      0x0800015f   Thumb Code     0  startup_stm32f103xe.o(.text)
    DMA1_Channel1_IRQHandler                 0x0800015f   Thumb Code     0  startup_stm32f103xe.o(.text)
    DMA1_Channel2_IRQHandler                 0x0800015f   Thumb Code     0  startup_stm32f103xe.o(.text)
    DMA1_Channel3_IRQHandler                 0x0800015f   Thumb Code     0  startup_stm32f103xe.o(.text)
    DMA1_Channel6_IRQHandler                 0x0800015f   Thumb Code     0  startup_stm32f103xe.o(.text)
    DMA1_Channel7_IRQHandler                 0x0800015f   Thumb Code     0  startup_stm32f103xe.o(.text)
    DMA2_Channel1_IRQHandler                 0x0800015f   Thumb Code     0  startup_stm32f103xe.o(.text)
    DMA2_Channel2_IRQHandler                 0x0800015f   Thumb Code     0  startup_stm32f103xe.o(.text)
    DMA2_Channel3_IRQHandler                 0x0800015f   Thumb Code     0  startup_stm32f103xe.o(.text)
    DMA2_Channel4_5_IRQHandler               0x0800015f   Thumb Code     0  startup_stm32f103xe.o(.text)
    EXTI0_IRQHandler                         0x0800015f   Thumb Code     0  startup_stm32f103xe.o(.text)
    EXTI15_10_IRQHandler                     0x0800015f   Thumb Code     0  startup_stm32f103xe.o(.text)
    EXTI1_IRQHandler                         0x0800015f   Thumb Code     0  startup_stm32f103xe.o(.text)
    EXTI2_IRQHandler                         0x0800015f   Thumb Code     0  startup_stm32f103xe.o(.text)
    EXTI3_IRQHandler                         0x0800015f   Thumb Code     0  startup_stm32f103xe.o(.text)
    EXTI4_IRQHandler                         0x0800015f   Thumb Code     0  startup_stm32f103xe.o(.text)
    EXTI9_5_IRQHandler                       0x0800015f   Thumb Code     0  startup_stm32f103xe.o(.text)
    FLASH_IRQHandler                         0x0800015f   Thumb Code     0  startup_stm32f103xe.o(.text)
    FSMC_IRQHandler                          0x0800015f   Thumb Code     0  startup_stm32f103xe.o(.text)
    I2C1_ER_IRQHandler                       0x0800015f   Thumb Code     0  startup_stm32f103xe.o(.text)
    I2C1_EV_IRQHandler                       0x0800015f   Thumb Code     0  startup_stm32f103xe.o(.text)
    I2C2_ER_IRQHandler                       0x0800015f   Thumb Code     0  startup_stm32f103xe.o(.text)
    I2C2_EV_IRQHandler                       0x0800015f   Thumb Code     0  startup_stm32f103xe.o(.text)
    PVD_IRQHandler                           0x0800015f   Thumb Code     0  startup_stm32f103xe.o(.text)
    RCC_IRQHandler                           0x0800015f   Thumb Code     0  startup_stm32f103xe.o(.text)
    RTC_Alarm_IRQHandler                     0x0800015f   Thumb Code     0  startup_stm32f103xe.o(.text)
    RTC_IRQHandler                           0x0800015f   Thumb Code     0  startup_stm32f103xe.o(.text)
    SDIO_IRQHandler                          0x0800015f   Thumb Code     0  startup_stm32f103xe.o(.text)
    SPI1_IRQHandler                          0x0800015f   Thumb Code     0  startup_stm32f103xe.o(.text)
    SPI3_IRQHandler                          0x0800015f   Thumb Code     0  startup_stm32f103xe.o(.text)
    TAMPER_IRQHandler                        0x0800015f   Thumb Code     0  startup_stm32f103xe.o(.text)
    TIM1_CC_IRQHandler                       0x0800015f   Thumb Code     0  startup_stm32f103xe.o(.text)
    TIM1_TRG_COM_IRQHandler                  0x0800015f   Thumb Code     0  startup_stm32f103xe.o(.text)
    TIM2_IRQHandler                          0x0800015f   Thumb Code     0  startup_stm32f103xe.o(.text)
    TIM3_IRQHandler                          0x0800015f   Thumb Code     0  startup_stm32f103xe.o(.text)
    TIM4_IRQHandler                          0x0800015f   Thumb Code     0  startup_stm32f103xe.o(.text)
    TIM5_IRQHandler                          0x0800015f   Thumb Code     0  startup_stm32f103xe.o(.text)
    TIM6_IRQHandler                          0x0800015f   Thumb Code     0  startup_stm32f103xe.o(.text)
    TIM7_IRQHandler                          0x0800015f   Thumb Code     0  startup_stm32f103xe.o(.text)
    TIM8_BRK_IRQHandler                      0x0800015f   Thumb Code     0  startup_stm32f103xe.o(.text)
    TIM8_CC_IRQHandler                       0x0800015f   Thumb Code     0  startup_stm32f103xe.o(.text)
    TIM8_TRG_COM_IRQHandler                  0x0800015f   Thumb Code     0  startup_stm32f103xe.o(.text)
    TIM8_UP_IRQHandler                       0x0800015f   Thumb Code     0  startup_stm32f103xe.o(.text)
    UART4_IRQHandler                         0x0800015f   Thumb Code     0  startup_stm32f103xe.o(.text)
    UART5_IRQHandler                         0x0800015f   Thumb Code     0  startup_stm32f103xe.o(.text)
    USART1_IRQHandler                        0x0800015f   Thumb Code     0  startup_stm32f103xe.o(.text)
    USART3_IRQHandler                        0x0800015f   Thumb Code     0  startup_stm32f103xe.o(.text)
    USBWakeUp_IRQHandler                     0x0800015f   Thumb Code     0  startup_stm32f103xe.o(.text)
    USB_HP_CAN1_TX_IRQHandler                0x0800015f   Thumb Code     0  startup_stm32f103xe.o(.text)
    USB_LP_CAN1_RX0_IRQHandler               0x0800015f   Thumb Code     0  startup_stm32f103xe.o(.text)
    WWDG_IRQHandler                          0x0800015f   Thumb Code     0  startup_stm32f103xe.o(.text)
    HardFault_Handler                        0x08000169   Thumb Code    12  cmb_fault.o(.text)
    __aeabi_uldivmod                         0x08000175   Thumb Code    98  uldiv.o(.text)
    __aeabi_memcpy                           0x080001d7   Thumb Code    36  memcpya.o(.text)
    __aeabi_memcpy4                          0x080001d7   Thumb Code     0  memcpya.o(.text)
    __aeabi_memcpy8                          0x080001d7   Thumb Code     0  memcpya.o(.text)
    __aeabi_memset                           0x080001fb   Thumb Code    14  memseta.o(.text)
    __aeabi_memset4                          0x080001fb   Thumb Code     0  memseta.o(.text)
    __aeabi_memset8                          0x080001fb   Thumb Code     0  memseta.o(.text)
    __aeabi_memclr                           0x08000209   Thumb Code     4  memseta.o(.text)
    __aeabi_memclr4                          0x08000209   Thumb Code     0  memseta.o(.text)
    __aeabi_memclr8                          0x08000209   Thumb Code     0  memseta.o(.text)
    _memset$wrapper                          0x0800020d   Thumb Code    18  memseta.o(.text)
    strncpy                                  0x0800021f   Thumb Code    24  strncpy.o(.text)
    strcpy                                   0x08000237   Thumb Code    18  strcpy.o(.text)
    __aeabi_ddiv                             0x08000249   Thumb Code   222  ddiv.o(.text)
    __aeabi_ui2d                             0x08000327   Thumb Code    26  dfltui.o(.text)
    __aeabi_f2d                              0x08000341   Thumb Code    38  f2d.o(.text)
    __aeabi_d2f                              0x08000367   Thumb Code    56  d2f.o(.text)
    __aeabi_uidiv                            0x0800039f   Thumb Code     0  uidiv.o(.text)
    __aeabi_uidivmod                         0x0800039f   Thumb Code    44  uidiv.o(.text)
    __aeabi_llsl                             0x080003cb   Thumb Code    30  llshl.o(.text)
    _ll_shift_l                              0x080003cb   Thumb Code     0  llshl.o(.text)
    __aeabi_llsr                             0x080003e9   Thumb Code    32  llushr.o(.text)
    _ll_ushift_r                             0x080003e9   Thumb Code     0  llushr.o(.text)
    __I$use$fp                               0x08000409   Thumb Code     0  iusefp.o(.text)
    _float_round                             0x08000409   Thumb Code    18  fepilogue.o(.text)
    _float_epilogue                          0x0800041b   Thumb Code    92  fepilogue.o(.text)
    _frem                                    0x08000477   Thumb Code    82  frem.o(.text)
    _double_round                            0x080004c9   Thumb Code    30  depilogue.o(.text)
    _double_epilogue                         0x080004e7   Thumb Code   156  depilogue.o(.text)
    __aeabi_dadd                             0x08000583   Thumb Code   322  dadd.o(.text)
    __aeabi_dsub                             0x080006c5   Thumb Code     6  dadd.o(.text)
    __aeabi_drsub                            0x080006cb   Thumb Code     6  dadd.o(.text)
    __aeabi_dmul                             0x080006d1   Thumb Code   228  dmul.o(.text)
    __aeabi_d2ulz                            0x080007b5   Thumb Code    48  dfixul.o(.text)
    __aeabi_cdrcmple                         0x080007e5   Thumb Code    48  cdrcmple.o(.text)
    __scatterload                            0x08000815   Thumb Code    28  init.o(.text)
    __scatterload_rt2                        0x08000815   Thumb Code     0  init.o(.text)
    __aeabi_lasr                             0x08000839   Thumb Code    36  llsshr.o(.text)
    _ll_sshift_r                             0x08000839   Thumb Code     0  llsshr.o(.text)
    ADC1_2_IRQHandler                        0x0800085d   Thumb Code    28  stm32f1xx_it.o(.text.ADC1_2_IRQHandler)
    ADC_ConversionStop_Disable               0x08000879   Thumb Code   130  stm32f1xx_hal_adc.o(.text.ADC_ConversionStop_Disable)
    ADC_DMAConvCplt                          0x080008fd   Thumb Code   120  stm32f1xx_hal_adc.o(.text.ADC_DMAConvCplt)
    ADC_DMAError                             0x08000975   Thumb Code    42  stm32f1xx_hal_adc.o(.text.ADC_DMAError)
    ADC_DMAHalfConvCplt                      0x080009a1   Thumb Code    22  stm32f1xx_hal_adc.o(.text.ADC_DMAHalfConvCplt)
    ADC_Enable                               0x080009b9   Thumb Code   188  stm32f1xx_hal_adc.o(.text.ADC_Enable)
    Angle_PLL_filter                         0x08000a75   Thumb Code   460  filter.o(.text.Angle_PLL_filter)
    Angle_PLL_filter_clear                   0x08000c41   Thumb Code    38  filter.o(.text.Angle_PLL_filter_clear)
    Angle_PLL_filter_init                    0x08000c69   Thumb Code   230  filter.o(.text.Angle_PLL_filter_init)
    Angle_Sin_Cos                            0x08000d51   Thumb Code    42  foc.o(.text.Angle_Sin_Cos)
    BusFault_Handler                         0x08000d7d   Thumb Code     4  stm32f1xx_it.o(.text.BusFault_Handler)
    Clark                                    0x08000d81   Thumb Code   124  foc.o(.text.Clark)
    DMA1_Channel4_IRQHandler                 0x08000dfd   Thumb Code    16  stm32f1xx_it.o(.text.DMA1_Channel4_IRQHandler)
    DMA1_Channel5_IRQHandler                 0x08000e0d   Thumb Code    16  stm32f1xx_it.o(.text.DMA1_Channel5_IRQHandler)
    DRV83XX_Init                             0x08000e6d   Thumb Code   128  drv83xx.o(.text.DRV83XX_Init)
    DRV83XX_read_ALLReg                      0x08000eed   Thumb Code    90  drv83xx.o(.text.DRV83XX_read_ALLReg)
    DRV83XX_updateCfgPara                    0x08000f49   Thumb Code   560  drv83xx.o(.text.DRV83XX_updateCfgPara)
    DeadTime_Compensation_Init               0x080011a9   Thumb Code   108  dead_comp.o(.text.DeadTime_Compensation_Init)
    DebugMon_Handler                         0x08001215   Thumb Code     2  stm32f1xx_it.o(.text.DebugMon_Handler)
    Error_Handler                            0x080012a9   Thumb Code    14  main.o(.text.Error_Handler)
    Foc_Svpwm                                0x080012b9   Thumb Code   548  foc.o(.text.Foc_Svpwm)
    HAL_ADCEx_Calibration_Start              0x080014dd   Thumb Code   394  stm32f1xx_hal_adc_ex.o(.text.HAL_ADCEx_Calibration_Start)
    HAL_ADCEx_InjectedConfigChannel          0x08001669   Thumb Code   868  stm32f1xx_hal_adc_ex.o(.text.HAL_ADCEx_InjectedConfigChannel)
    HAL_ADCEx_InjectedConvCpltCallback       0x080019d1   Thumb Code  1108  foc_run.o(.text.HAL_ADCEx_InjectedConvCpltCallback)
    HAL_ADCEx_InjectedStart                  0x08001e25   Thumb Code   330  stm32f1xx_hal_adc_ex.o(.text.HAL_ADCEx_InjectedStart)
    HAL_ADCEx_InjectedStart_IT               0x08001f71   Thumb Code   342  stm32f1xx_hal_adc_ex.o(.text.HAL_ADCEx_InjectedStart_IT)
    HAL_ADCEx_InjectedStop                   0x080020c9   Thumb Code   158  stm32f1xx_hal_adc_ex.o(.text.HAL_ADCEx_InjectedStop)
    HAL_ADCEx_InjectedStop_IT                0x08002169   Thumb Code   170  stm32f1xx_hal_adc_ex.o(.text.HAL_ADCEx_InjectedStop_IT)
    HAL_ADC_ConfigChannel                    0x08002215   Thumb Code   436  stm32f1xx_hal_adc.o(.text.HAL_ADC_ConfigChannel)
    HAL_ADC_ConvCpltCallback                 0x080023c9   Thumb Code     8  stm32f1xx_hal_adc.o(.text.HAL_ADC_ConvCpltCallback)
    HAL_ADC_ConvHalfCpltCallback             0x080023d1   Thumb Code     8  stm32f1xx_hal_adc.o(.text.HAL_ADC_ConvHalfCpltCallback)
    HAL_ADC_ErrorCallback                    0x080023d9   Thumb Code     8  stm32f1xx_hal_adc.o(.text.HAL_ADC_ErrorCallback)
    HAL_ADC_IRQHandler                       0x080023e1   Thumb Code   394  stm32f1xx_hal_adc.o(.text.HAL_ADC_IRQHandler)
    HAL_ADC_Init                             0x0800256d   Thumb Code   594  stm32f1xx_hal_adc.o(.text.HAL_ADC_Init)
    HAL_ADC_LevelOutOfWindowCallback         0x080027c1   Thumb Code     8  stm32f1xx_hal_adc.o(.text.HAL_ADC_LevelOutOfWindowCallback)
    HAL_ADC_MspInit                          0x080027c9   Thumb Code   398  adc.o(.text.HAL_ADC_MspInit)
    HAL_ADC_Start_DMA                        0x08002959   Thumb Code   550  stm32f1xx_hal_adc.o(.text.HAL_ADC_Start_DMA)
    HAL_DMA_Abort                            0x08002b81   Thumb Code   124  stm32f1xx_hal_dma.o(.text.HAL_DMA_Abort)
    HAL_DMA_Abort_IT                         0x08002bfd   Thumb Code   792  stm32f1xx_hal_dma.o(.text.HAL_DMA_Abort_IT)
    HAL_DMA_IRQHandler                       0x08002f15   Thumb Code  1668  stm32f1xx_hal_dma.o(.text.HAL_DMA_IRQHandler)
    HAL_DMA_Init                             0x08003599   Thumb Code   244  stm32f1xx_hal_dma.o(.text.HAL_DMA_Init)
    HAL_DMA_Start_IT                         0x0800368d   Thumb Code   202  stm32f1xx_hal_dma.o(.text.HAL_DMA_Start_IT)
    HAL_Delay                                0x08003759   Thumb Code    66  stm32f1xx_hal.o(.text.HAL_Delay)
    HAL_GPIO_Init                            0x0800379d   Thumb Code   854  stm32f1xx_hal_gpio.o(.text.HAL_GPIO_Init)
    HAL_GPIO_TogglePin                       0x08003af5   Thumb Code    38  stm32f1xx_hal_gpio.o(.text.HAL_GPIO_TogglePin)
    HAL_GPIO_WritePin                        0x08003b1d   Thumb Code    46  stm32f1xx_hal_gpio.o(.text.HAL_GPIO_WritePin)
    HAL_GetTick                              0x08003b4d   Thumb Code    12  stm32f1xx_hal.o(.text.HAL_GetTick)
    HAL_IncTick                              0x08003b59   Thumb Code    26  stm32f1xx_hal.o(.text.HAL_IncTick)
    HAL_Init                                 0x08003b75   Thumb Code    38  stm32f1xx_hal.o(.text.HAL_Init)
    HAL_InitTick                             0x08003b9d   Thumb Code   112  stm32f1xx_hal.o(.text.HAL_InitTick)
    HAL_MspInit                              0x08003c0d   Thumb Code   100  stm32f1xx_hal_msp.o(.text.HAL_MspInit)
    HAL_NVIC_EnableIRQ                       0x08003c71   Thumb Code    20  stm32f1xx_hal_cortex.o(.text.HAL_NVIC_EnableIRQ)
    HAL_NVIC_SetPriority                     0x08003c85   Thumb Code    50  stm32f1xx_hal_cortex.o(.text.HAL_NVIC_SetPriority)
    HAL_NVIC_SetPriorityGrouping             0x08003cb9   Thumb Code    16  stm32f1xx_hal_cortex.o(.text.HAL_NVIC_SetPriorityGrouping)
    HAL_RCCEx_GetPeriphCLKFreq               0x08003cc9   Thumb Code   428  stm32f1xx_hal_rcc_ex.o(.text.HAL_RCCEx_GetPeriphCLKFreq)
    HAL_RCCEx_PeriphCLKConfig                0x08003e75   Thumb Code   456  stm32f1xx_hal_rcc_ex.o(.text.HAL_RCCEx_PeriphCLKConfig)
    HAL_RCC_ClockConfig                      0x0800403d   Thumb Code   598  stm32f1xx_hal_rcc.o(.text.HAL_RCC_ClockConfig)
    HAL_RCC_GetHCLKFreq                      0x08004295   Thumb Code    12  stm32f1xx_hal_rcc.o(.text.HAL_RCC_GetHCLKFreq)
    HAL_RCC_GetPCLK1Freq                     0x080042a1   Thumb Code    34  stm32f1xx_hal_rcc.o(.text.HAL_RCC_GetPCLK1Freq)
    HAL_RCC_GetPCLK2Freq                     0x080042c5   Thumb Code    34  stm32f1xx_hal_rcc.o(.text.HAL_RCC_GetPCLK2Freq)
    HAL_RCC_GetSysClockFreq                  0x080042e9   Thumb Code   188  stm32f1xx_hal_rcc.o(.text.HAL_RCC_GetSysClockFreq)
    HAL_RCC_OscConfig                        0x080043a5   Thumb Code  1658  stm32f1xx_hal_rcc.o(.text.HAL_RCC_OscConfig)
    HAL_SPI_ErrorCallback                    0x08004a21   Thumb Code     8  stm32f1xx_hal_spi.o(.text.HAL_SPI_ErrorCallback)
    HAL_SPI_IRQHandler                       0x08004a29   Thumb Code   508  stm32f1xx_hal_spi.o(.text.HAL_SPI_IRQHandler)
    HAL_SPI_Init                             0x08004c25   Thumb Code   248  stm32f1xx_hal_spi.o(.text.HAL_SPI_Init)
    HAL_SPI_MspInit                          0x08004d1d   Thumb Code   316  spi.o(.text.HAL_SPI_MspInit)
    HAL_SPI_TransmitReceive                  0x08004e59   Thumb Code   930  stm32f1xx_hal_spi.o(.text.HAL_SPI_TransmitReceive)
    HAL_SYSTICK_Config                       0x080051fd   Thumb Code    16  stm32f1xx_hal_cortex.o(.text.HAL_SYSTICK_Config)
    HAL_TIMEx_BreakCallback                  0x0800520d   Thumb Code     8  stm32f1xx_hal_tim_ex.o(.text.HAL_TIMEx_BreakCallback)
    HAL_TIMEx_CommutCallback                 0x08005215   Thumb Code     8  stm32f1xx_hal_tim_ex.o(.text.HAL_TIMEx_CommutCallback)
    HAL_TIMEx_ConfigBreakDeadTime            0x0800521d   Thumb Code   178  stm32f1xx_hal_tim_ex.o(.text.HAL_TIMEx_ConfigBreakDeadTime)
    HAL_TIMEx_MasterConfigSynchronization    0x080052d1   Thumb Code   256  stm32f1xx_hal_tim_ex.o(.text.HAL_TIMEx_MasterConfigSynchronization)
    HAL_TIM_Base_Init                        0x080053d1   Thumb Code   156  stm32f1xx_hal_tim.o(.text.HAL_TIM_Base_Init)
    HAL_TIM_Base_MspInit                     0x0800546d   Thumb Code    98  tim.o(.text.HAL_TIM_Base_MspInit)
    HAL_TIM_Base_Start_IT                    0x080054d1   Thumb Code   212  stm32f1xx_hal_tim.o(.text.HAL_TIM_Base_Start_IT)
    HAL_TIM_ConfigClockSource                0x080055a5   Thumb Code   388  stm32f1xx_hal_tim.o(.text.HAL_TIM_ConfigClockSource)
    HAL_TIM_IC_CaptureCallback               0x08005729   Thumb Code     8  stm32f1xx_hal_tim.o(.text.HAL_TIM_IC_CaptureCallback)
    HAL_TIM_IRQHandler                       0x08005731   Thumb Code   538  stm32f1xx_hal_tim.o(.text.HAL_TIM_IRQHandler)
    HAL_TIM_MspPostInit                      0x0800594d   Thumb Code    96  tim.o(.text.HAL_TIM_MspPostInit)
    HAL_TIM_OC_DelayElapsedCallback          0x080059ad   Thumb Code     8  stm32f1xx_hal_tim.o(.text.HAL_TIM_OC_DelayElapsedCallback)
    HAL_TIM_PWM_ConfigChannel                0x080059b5   Thumb Code   322  stm32f1xx_hal_tim.o(.text.HAL_TIM_PWM_ConfigChannel)
    HAL_TIM_PWM_Init                         0x08005af9   Thumb Code   156  stm32f1xx_hal_tim.o(.text.HAL_TIM_PWM_Init)
    HAL_TIM_PWM_MspInit                      0x08005b95   Thumb Code     8  stm32f1xx_hal_tim.o(.text.HAL_TIM_PWM_MspInit)
    HAL_TIM_PWM_PulseFinishedCallback        0x08005b9d   Thumb Code     8  stm32f1xx_hal_tim.o(.text.HAL_TIM_PWM_PulseFinishedCallback)
    HAL_TIM_PWM_Start                        0x08005ba5   Thumb Code   426  stm32f1xx_hal_tim.o(.text.HAL_TIM_PWM_Start)
    HAL_TIM_PWM_Stop                         0x08005d51   Thumb Code   264  stm32f1xx_hal_tim.o(.text.HAL_TIM_PWM_Stop)
    HAL_TIM_PeriodElapsedCallback            0x08005e59   Thumb Code     8  stm32f1xx_hal_tim.o(.text.HAL_TIM_PeriodElapsedCallback)
    HAL_TIM_TriggerCallback                  0x08005e61   Thumb Code     8  stm32f1xx_hal_tim.o(.text.HAL_TIM_TriggerCallback)
    HAL_UARTEx_RxEventCallback               0x08005e69   Thumb Code    12  stm32f1xx_hal_uart.o(.text.HAL_UARTEx_RxEventCallback)
    HAL_UART_ErrorCallback                   0x08005e75   Thumb Code     8  stm32f1xx_hal_uart.o(.text.HAL_UART_ErrorCallback)
    HAL_UART_IRQHandler                      0x08005e7d   Thumb Code  1066  stm32f1xx_hal_uart.o(.text.HAL_UART_IRQHandler)
    HAL_UART_Init                            0x080062a9   Thumb Code   158  stm32f1xx_hal_uart.o(.text.HAL_UART_Init)
    HAL_UART_MspInit                         0x08006349   Thumb Code   168  usart.o(.text.HAL_UART_MspInit)
    HAL_UART_RxCpltCallback                  0x080063f1   Thumb Code     8  stm32f1xx_hal_uart.o(.text.HAL_UART_RxCpltCallback)
    HAL_UART_TxCpltCallback                  0x080063f9   Thumb Code     8  stm32f1xx_hal_uart.o(.text.HAL_UART_TxCpltCallback)
    I2C_Unstick                              0x08006401   Thumb Code   380  soft_iic.o(.text.I2C_Unstick)
    JS_RTT_PLUS_SendData                     0x0800657d   Thumb Code   324  segger_rtt_port.o(.text.JS_RTT_PLUS_SendData)
    JS_RTT_PLUS_WaitForConfig                0x080066c1   Thumb Code   396  segger_rtt_port.o(.text.JS_RTT_PLUS_WaitForConfig)
    MX_ADC1_Init                             0x080069b5   Thumb Code   174  adc.o(.text.MX_ADC1_Init)
    MX_ADC2_Init                             0x08006a65   Thumb Code   132  adc.o(.text.MX_ADC2_Init)
    MX_DMA_Init                              0x08006ae9   Thumb Code    78  dma.o(.text.MX_DMA_Init)
    MX_GPIO_Init                             0x08006b39   Thumb Code   518  gpio.o(.text.MX_GPIO_Init)
    MX_SPI2_Init                             0x08006d41   Thumb Code    84  spi.o(.text.MX_SPI2_Init)
    MX_TIM1_Init                             0x08006d95   Thumb Code   382  tim.o(.text.MX_TIM1_Init)
    MX_USART2_UART_Init                      0x08006f15   Thumb Code    64  usart.o(.text.MX_USART2_UART_Init)
    MemManage_Handler                        0x08006f55   Thumb Code     4  stm32f1xx_it.o(.text.MemManage_Handler)
    NMI_Handler                              0x08006f59   Thumb Code     4  stm32f1xx_it.o(.text.NMI_Handler)
    Offset_CurrentReading                    0x08006fc9   Thumb Code   174  main_user.o(.text.Offset_CurrentReading)
    Offset_Current_Start                     0x08007079   Thumb Code    98  main_user.o(.text.Offset_Current_Start)
    Param_deinit                             0x080070dd   Thumb Code   170  main_user.o(.text.Param_deinit)
    Param_init                               0x08007189   Thumb Code   448  main_user.o(.text.Param_init)
    Park                                     0x08007349   Thumb Code    92  foc.o(.text.Park)
    PendSV_Handler                           0x080073a5   Thumb Code     2  stm32f1xx_it.o(.text.PendSV_Handler)
    RevPark_Circle_Limitation_cmsis          0x080073e5   Thumb Code   272  foc.o(.text.RevPark_Circle_Limitation_cmsis)
    Reverse_Park                             0x080074f5   Thumb Code    92  foc.o(.text.Reverse_Park)
    SCurve_Init                              0x08007551   Thumb Code   216  speed_pid.o(.text.SCurve_Init)
    SCurve_Plan                              0x08007629   Thumb Code   814  speed_pid.o(.text.SCurve_Plan)
    SCurve_Update                            0x08007959   Thumb Code   574  speed_pid.o(.text.SCurve_Update)
    SEGGER_RTT_ConfigDownBuffer              0x08007b99   Thumb Code   164  segger_rtt.o(.text.SEGGER_RTT_ConfigDownBuffer)
    SEGGER_RTT_ConfigUpBuffer                0x08007c3d   Thumb Code   160  segger_rtt.o(.text.SEGGER_RTT_ConfigUpBuffer)
    SEGGER_RTT_Init                          0x08007cdd   Thumb Code     8  segger_rtt.o(.text.SEGGER_RTT_Init)
    SEGGER_RTT_PLUS_Port_Init                0x08007ce5   Thumb Code    12  segger_rtt_port.o(.text.SEGGER_RTT_PLUS_Port_Init)
    SEGGER_RTT_Read                          0x08007cf1   Thumb Code    48  segger_rtt.o(.text.SEGGER_RTT_Read)
    SEGGER_RTT_ReadNoLock                    0x08007d21   Thumb Code   312  segger_rtt.o(.text.SEGGER_RTT_ReadNoLock)
    SEGGER_RTT_TimeStamp_get                 0x08007e59   Thumb Code   410  segger_rtt_port.o(.text.SEGGER_RTT_TimeStamp_get)
    SEGGER_RTT_TimeStamp_reset               0x08007ff5   Thumb Code    72  segger_rtt_port.o(.text.SEGGER_RTT_TimeStamp_reset)
    SEGGER_RTT_Write                         0x0800803d   Thumb Code    76  segger_rtt.o(.text.SEGGER_RTT_Write)
    SEGGER_RTT_WriteNoLock                   0x08008089   Thumb Code   176  segger_rtt.o(.text.SEGGER_RTT_WriteNoLock)
    SPI2_IRQHandler                          0x08008139   Thumb Code    16  stm32f1xx_it.o(.text.SPI2_IRQHandler)
    SVC_Handler                              0x08008301   Thumb Code     2  stm32f1xx_it.o(.text.SVC_Handler)
    SoftI2C_RegisterAndInit                  0x08008305   Thumb Code    30  soft_iic.o(.text.SoftI2C_RegisterAndInit)
    Speed_pid_c                              0x08008325   Thumb Code   118  speed_pid.o(.text.Speed_pid_c)
    StartPWM                                 0x0800839d   Thumb Code    76  task_function.o(.text.StartPWM)
    StopPWM                                  0x080083e9   Thumb Code    76  task_function.o(.text.StopPWM)
    SysTick_Handler                          0x08008489   Thumb Code     8  stm32f1xx_it.o(.text.SysTick_Handler)
    SystemClock_Config                       0x08008491   Thumb Code   152  main.o(.text.SystemClock_Config)
    SystemInit                               0x08008529   Thumb Code    18  system_stm32f1xx.o(.text.SystemInit)
    TIM1_BRK_IRQHandler                      0x0800853d   Thumb Code    16  stm32f1xx_it.o(.text.TIM1_BRK_IRQHandler)
    TIM1_UP_IRQHandler                       0x0800854d   Thumb Code    16  stm32f1xx_it.o(.text.TIM1_UP_IRQHandler)
    TIM_Base_SetConfig                       0x0800855d   Thumb Code   342  stm32f1xx_hal_tim.o(.text.TIM_Base_SetConfig)
    TIM_CCxChannelCmd                        0x080086b5   Thumb Code    54  stm32f1xx_hal_tim.o(.text.TIM_CCxChannelCmd)
    TIM_ETR_SetConfig                        0x080086ed   Thumb Code    52  stm32f1xx_hal_tim.o(.text.TIM_ETR_SetConfig)
    TIM_OC2_SetConfig                        0x0800883d   Thumb Code   248  stm32f1xx_hal_tim.o(.text.TIM_OC2_SetConfig)
    USART2_IRQHandler                        0x08008f11   Thumb Code    16  stm32f1xx_it.o(.text.USART2_IRQHandler)
    UsageFault_Handler                       0x08008f21   Thumb Code     4  stm32f1xx_it.o(.text.UsageFault_Handler)
    arm_cos_f32                              0x08009239   Thumb Code   152  arm_cos_f32.o(.text.arm_cos_f32)
    arm_sin_f32                              0x080092d1   Thumb Code   144  arm_sin_f32.o(.text.arm_sin_f32)
    bsp_as5600GetAngle                       0x08009361   Thumb Code   132  as5600.o(.text.bsp_as5600GetAngle)
    bsp_as5600GetSpeed                       0x08009415   Thumb Code   472  as5600.o(.text.bsp_as5600GetSpeed)
    bsp_as5600Init                           0x080095ed   Thumb Code    96  as5600.o(.text.bsp_as5600Init)
    cm_backtrace_call_stack                  0x0800964d   Thumb Code   448  cm_backtrace.o(.text.cm_backtrace_call_stack)
    cm_backtrace_fault                       0x0800980d   Thumb Code   672  cm_backtrace.o(.text.cm_backtrace_fault)
    cm_backtrace_firmware_info               0x08009aad   Thumb Code    54  cm_backtrace.o(.text.cm_backtrace_firmware_info)
    cm_backtrace_init                        0x08009ae5   Thumb Code   192  cm_backtrace.o(.text.cm_backtrace_init)
    current_d_pid_Init                       0x08009ba5   Thumb Code   184  foc_pid.o(.text.current_d_pid_Init)
    current_pid_Control                      0x08009c5d   Thumb Code   118  foc_pid.o(.text.current_pid_Control)
    current_q_pid_Init                       0x08009cd5   Thumb Code   200  foc_pid.o(.text.current_q_pid_Init)
    fputc                                    0x0800a38d   Thumb Code    24  main_user.o(.text.fputc)
    get_weight_from_phasecurrent             0x0800a3a5   Thumb Code    52  dead_comp.o(.text.get_weight_from_phasecurrent)
    knob_control                             0x0800a491   Thumb Code   194  task_function.o(.text.knob_control)
    main                                     0x0800a555   Thumb Code    52  main.o(.text.main)
    main_user                                0x0800a589   Thumb Code   560  main_user.o(.text.main_user)
    pi_Position_FF                           0x0800a7b9   Thumb Code    12  position_pid.o(.text.pi_Position_FF)
    position_PID_Init                        0x0800a7c5   Thumb Code   180  position_pid.o(.text.position_PID_Init)
    softi2c_init                             0x0800a9c1   Thumb Code   392  soft_iic.o(.text.softi2c_init)
    softi2c_master_mem_read                  0x0800ab49   Thumb Code  3178  soft_iic.o(.text.softi2c_master_mem_read)
    softi2c_master_read                      0x0800b7b5   Thumb Code  1314  soft_iic.o(.text.softi2c_master_read)
    speed_Loop_Handle                        0x0800bcd9   Thumb Code   192  speed_pid.o(.text.speed_Loop_Handle)
    speed_pid_init                           0x0800bd99   Thumb Code   232  speed_pid.o(.text.speed_pid_init)
    speedset                                 0x0800be81   Thumb Code   174  speed_pid.o(.text.speedset)
    __0printf                                0x0800c07d   Thumb Code    22  printfa.o(i.__0printf)
    __1printf                                0x0800c07d   Thumb Code     0  printfa.o(i.__0printf)
    __2printf                                0x0800c07d   Thumb Code     0  printfa.o(i.__0printf)
    __c89printf                              0x0800c07d   Thumb Code     0  printfa.o(i.__0printf)
    printf                                   0x0800c07d   Thumb Code     0  printfa.o(i.__0printf)
    __0sprintf                               0x0800c09d   Thumb Code    34  printfa.o(i.__0sprintf)
    __1sprintf                               0x0800c09d   Thumb Code     0  printfa.o(i.__0sprintf)
    __2sprintf                               0x0800c09d   Thumb Code     0  printfa.o(i.__0sprintf)
    __c89sprintf                             0x0800c09d   Thumb Code     0  printfa.o(i.__0sprintf)
    sprintf                                  0x0800c09d   Thumb Code     0  printfa.o(i.__0sprintf)
    __ARM_fpclassifyf                        0x0800c0c5   Thumb Code    38  fpclassifyf.o(i.__ARM_fpclassifyf)
    __hardfp_atan2f                          0x0800c0ed   Thumb Code   594  atan2f.o(i.__hardfp_atan2f)
    __hardfp_fmodf                           0x0800c399   Thumb Code   176  fmodf.o(i.__hardfp_fmodf)
    __hardfp_sqrtf                           0x0800c449   Thumb Code    58  sqrtf.o(i.__hardfp_sqrtf)
    __mathlib_flt_infnan2                    0x0800c483   Thumb Code     6  funder.o(i.__mathlib_flt_infnan2)
    __mathlib_flt_invalid                    0x0800c489   Thumb Code    10  funder.o(i.__mathlib_flt_invalid)
    __mathlib_flt_underflow                  0x0800c499   Thumb Code    10  funder.o(i.__mathlib_flt_underflow)
    __scatterload_copy                       0x0800c4a9   Thumb Code    14  handlers.o(i.__scatterload_copy)
    __scatterload_null                       0x0800c4b7   Thumb Code     2  handlers.o(i.__scatterload_null)
    __scatterload_zeroinit                   0x0800c4b9   Thumb Code    14  handlers.o(i.__scatterload_zeroinit)
    __set_errno                              0x0800c4c9   Thumb Code     6  errno.o(i.__set_errno)
    malloc                                   0x0800cd91   Thumb Code    92  malloc.o(i.malloc)
    AHBPrescTable                            0x0800ce20   Data          16  system_stm32f1xx.o(.rodata.AHBPrescTable)
    APBPrescTable                            0x0800ce30   Data           8  system_stm32f1xx.o(.rodata.APBPrescTable)
    sinTable_f32                             0x0800cf08   Data        2052  arm_common_tables.o(.rodata.sinTable_f32)
    Region$$Table$$Base                      0x0800e0a4   Number         0  anon$$obj.o(Region$$Table)
    Image$$ER_IROM1$$Limit                   0x0800e0c4   Number         0  anon$$obj.o ABSOLUTE
    Region$$Table$$Limit                     0x0800e0c4   Number         0  anon$$obj.o(Region$$Table)
    __stdout                                 0x20000000   Data           4  stdout.o(.data)
    __microlib_freelist                      0x20000004   Data           4  mvars.o(.data)
    __microlib_freelist_initialised          0x20000008   Data           4  mvars.o(.data)
    JS_RTT_PLUS_ChannelDown                  0x20000010   Data           4  segger_rtt_port.o(.data.JS_RTT_PLUS_ChannelDown)
    JS_RTT_PLUS_ChannelUp                    0x20000014   Data           4  segger_rtt_port.o(.data.JS_RTT_PLUS_ChannelUp)
    SystemCoreClock                          0x20000018   Data           4  system_stm32f1xx.o(.data.SystemCoreClock)
    stru_config                              0x2000001c   Data          18  drv83xx.o(.data.stru_config)
    uwTickFreq                               0x2000002e   Data           1  stm32f1xx_hal.o(.data.uwTickFreq)
    uwTickPrio                               0x20000030   Data           4  stm32f1xx_hal.o(.data.uwTickPrio)
    ADCSampPare                              0x20000038   Data           8  main_user.o(.bss.ADCSampPare)
    ADC_ConvertedValue                       0x20000040   Data           4  main_user.o(.bss.ADC_ConvertedValue)
    AngleSin_Cos                             0x20000044   Data          12  main_user.o(.bss.AngleSin_Cos)
    Encoder_AS5600                           0x20000050   Data          76  as5600.o(.bss.Encoder_AS5600)
    Encoder_PLL_eleFilter                    0x2000009c   Data           4  main_user.o(.bss.Encoder_PLL_eleFilter)
    Encoder_PLL_mecFilter                    0x200000a0   Data           4  main_user.o(.bss.Encoder_PLL_mecFilter)
    JS_RTT_PLUS_DownBuffer                   0x200000a4   Data          32  segger_rtt_port.o(.bss.JS_RTT_PLUS_DownBuffer)
    JS_RTT_PLUS_NumVars                      0x200000c4   Data           4  segger_rtt_port.o(.bss.JS_RTT_PLUS_NumVars)
    JS_RTT_PLUS_UpBuffer                     0x200000c8   Data        2048  segger_rtt_port.o(.bss.JS_RTT_PLUS_UpBuffer)
    MotorState                               0x200008c8   Data           8  foc_run.o(.bss.MotorState)
    Motor_Params                             0x200008d0   Data          52  foc.o(.bss.Motor_Params)
    PhaseA_PLL_currentFilter                 0x20000908   Data           4  dead_comp.o(.bss.PhaseA_PLL_currentFilter)
    Predict_eleangle                         0x2000090c   Data           4  foc_run.o(.bss.Predict_eleangle)
    SCurve_speed_ref_true                    0x20000910   Data           4  speed_pid.o(.bss.SCurve_speed_ref_true)
    ScurveProfile                            0x20000914   Data          88  speed_pid.o(.bss.ScurveProfile)
    TimeStamp_Fast                           0x2000096c   Data           4  segger_rtt_port.o(.bss.TimeStamp_Fast)
    Vbus                                     0x20000970   Data           4  foc_run.o(.bss.Vbus)
    _SEGGER_RTT                              0x20000974   Data         168  segger_rtt.o(.bss._SEGGER_RTT)
    aVarData                                 0x20000e30   Data         176  segger_rtt_port.o(.bss.aVarData)
    current_d_pid                            0x20000f78   Data          44  foc_pid.o(.bss.current_d_pid)
    current_q_pid                            0x20000fa4   Data          44  foc_pid.o(.bss.current_q_pid)
    cycles                                   0x20000fd0   Data           4  foc_run.o(.bss.cycles)
    end                                      0x20000fd4   Data           4  foc_run.o(.bss.end)
    foc_abc_current_i                        0x20000fd8   Data          32  foc.o(.bss.foc_abc_current_i)
    foc_alpha_beta_i                         0x20000ff8   Data           8  foc.o(.bss.foc_alpha_beta_i)
    foc_alpha_beta_v                         0x20001000   Data           8  foc.o(.bss.foc_alpha_beta_v)
    foc_dq_i                                 0x20001008   Data          16  foc.o(.bss.foc_dq_i)
    foc_dq_v                                 0x20001018   Data           8  foc.o(.bss.foc_dq_v)
    foc_pwm                                  0x20001020   Data          12  foc.o(.bss.foc_pwm)
    foc_sin_cos                              0x2000102c   Data           8  foc.o(.bss.foc_sin_cos)
    func_ptr                                 0x20001034   Data           4  foc_run.o(.bss.func_ptr)
    g_softi2c                                0x20001058   Data          28  soft_iic.o(.bss.g_softi2c)
    hadc1                                    0x20001074   Data          48  adc.o(.bss.hadc1)
    hadc2                                    0x200010a4   Data          48  adc.o(.bss.hadc2)
    hdma_adc1                                0x200010d4   Data          68  adc.o(.bss.hdma_adc1)
    hdma_spi2_rx                             0x20001118   Data          68  spi.o(.bss.hdma_spi2_rx)
    hdma_spi2_tx                             0x2000115c   Data          68  spi.o(.bss.hdma_spi2_tx)
    hspi2                                    0x200011a0   Data          88  spi.o(.bss.hspi2)
    htim1                                    0x200011f8   Data          72  tim.o(.bss.htim1)
    huart2                                   0x20001240   Data          72  usart.o(.bss.huart2)
    ia_test                                  0x200012a8   Data           4  dead_comp.o(.bss.ia_test)
    logicContr                               0x200012ae   Data          10  main_user.o(.bss.logicContr)
    position_pid                             0x200012c4   Data          52  position_pid.o(.bss.position_pid)
    speed_pid                                0x20001350   Data          44  speed_pid.o(.bss.speed_pid)
    speed_ref_true                           0x2000137c   Data           4  speed_pid.o(.bss.speed_ref_true)
    start                                    0x20001384   Data           4  foc_run.o(.bss.start)
    stru_DRV8323Obj                          0x2000138a   Data          16  drv83xx.o(.bss.stru_DRV8323Obj)
    time_us                                  0x200013bc   Data           4  foc_run.o(.bss.time_us)
    uwTick                                   0x200013c0   Data           4  stm32f1xx_hal.o(.bss.uwTick)
    __heap_base                              0x200013c8   Data           0  startup_stm32f103xe.o(HEAP)
    STACK$$Base                              0x200033c8   Number         0  startup_stm32f103xe.o(STACK)
    __heap_limit                             0x200033c8   Data           0  startup_stm32f103xe.o(HEAP)
    STACK$$Limit                             0x20003bc8   Number         0  startup_stm32f103xe.o(STACK)
    __initial_sp                             0x20003bc8   Data           0  startup_stm32f103xe.o(STACK)



==============================================================================

Memory Map of the image

  Image Entry point : 0x08000131

  Load Region LR_IROM1 (Base: 0x08000000, Size: 0x0000e100, Max: 0x00080000, ABSOLUTE)

    Execution Region ER_IROM1 (Exec base: 0x08000000, Load base: 0x08000000, Size: 0x0000e0c4, Max: 0x00080000, ABSOLUTE)

    Exec Addr    Load Addr    Size         Type   Attr      Idx    E Section Name        Object

    0x08000000   0x08000000   0x00000130   Data   RO            3    RESET               startup_stm32f103xe.o
    0x08000130   0x08000130   0x00000000   Code   RO         2175  * .ARM.Collect$$$$00000000  mc_w.l(entry.o)
    0x08000130   0x08000130   0x00000004   Code   RO         2283    .ARM.Collect$$$$00000001  mc_w.l(entry2.o)
    0x08000134   0x08000134   0x00000004   Code   RO         2286    .ARM.Collect$$$$00000004  mc_w.l(entry5.o)
    0x08000138   0x08000138   0x00000000   Code   RO         2288    .ARM.Collect$$$$00000008  mc_w.l(entry7b.o)
    0x08000138   0x08000138   0x00000000   Code   RO         2290    .ARM.Collect$$$$0000000A  mc_w.l(entry8b.o)
    0x08000138   0x08000138   0x00000008   Code   RO         2291    .ARM.Collect$$$$0000000B  mc_w.l(entry9a.o)
    0x08000140   0x08000140   0x00000000   Code   RO         2293    .ARM.Collect$$$$0000000D  mc_w.l(entry10a.o)
    0x08000140   0x08000140   0x00000000   Code   RO         2295    .ARM.Collect$$$$0000000F  mc_w.l(entry11a.o)
    0x08000140   0x08000140   0x00000004   Code   RO         2284    .ARM.Collect$$$$00002712  mc_w.l(entry2.o)
    0x08000144   0x08000144   0x00000024   Code   RO            4    .text               startup_stm32f103xe.o
    0x08000168   0x08000168   0x0000000c   Code   RO         1842    .text               cmb_fault.o
    0x08000174   0x08000174   0x00000062   Code   RO         2178    .text               mc_w.l(uldiv.o)
    0x080001d6   0x080001d6   0x00000024   Code   RO         2182    .text               mc_w.l(memcpya.o)
    0x080001fa   0x080001fa   0x00000024   Code   RO         2184    .text               mc_w.l(memseta.o)
    0x0800021e   0x0800021e   0x00000018   Code   RO         2186    .text               mc_w.l(strncpy.o)
    0x08000236   0x08000236   0x00000012   Code   RO         2190    .text               mc_w.l(strcpy.o)
    0x08000248   0x08000248   0x000000de   Code   RO         2252    .text               mf_w.l(ddiv.o)
    0x08000326   0x08000326   0x0000001a   Code   RO         2256    .text               mf_w.l(dfltui.o)
    0x08000340   0x08000340   0x00000026   Code   RO         2260    .text               mf_w.l(f2d.o)
    0x08000366   0x08000366   0x00000038   Code   RO         2262    .text               mf_w.l(d2f.o)
    0x0800039e   0x0800039e   0x0000002c   Code   RO         2307    .text               mc_w.l(uidiv.o)
    0x080003ca   0x080003ca   0x0000001e   Code   RO         2309    .text               mc_w.l(llshl.o)
    0x080003e8   0x080003e8   0x00000020   Code   RO         2311    .text               mc_w.l(llushr.o)
    0x08000408   0x08000408   0x00000000   Code   RO         2322    .text               mc_w.l(iusefp.o)
    0x08000408   0x08000408   0x0000006e   Code   RO         2323    .text               mf_w.l(fepilogue.o)
    0x08000476   0x08000476   0x00000052   Code   RO         2325    .text               mf_w.l(frem.o)
    0x080004c8   0x080004c8   0x000000ba   Code   RO         2327    .text               mf_w.l(depilogue.o)
    0x08000582   0x08000582   0x0000014e   Code   RO         2329    .text               mf_w.l(dadd.o)
    0x080006d0   0x080006d0   0x000000e4   Code   RO         2331    .text               mf_w.l(dmul.o)
    0x080007b4   0x080007b4   0x00000030   Code   RO         2335    .text               mf_w.l(dfixul.o)
    0x080007e4   0x080007e4   0x00000030   Code   RO         2337    .text               mf_w.l(cdrcmple.o)
    0x08000814   0x08000814   0x00000024   Code   RO         2339    .text               mc_w.l(init.o)
    0x08000838   0x08000838   0x00000024   Code   RO         2341    .text               mc_w.l(llsshr.o)
    0x0800085c   0x0800085c   0x0000001c   Code   RO          134    .text.ADC1_2_IRQHandler  stm32f1xx_it.o
    0x08000878   0x08000878   0x00000082   Code   RO          176    .text.ADC_ConversionStop_Disable  stm32f1xx_hal_adc.o
    0x080008fa   0x080008fa   0x00000002   PAD
    0x080008fc   0x080008fc   0x00000078   Code   RO          198    .text.ADC_DMAConvCplt  stm32f1xx_hal_adc.o
    0x08000974   0x08000974   0x0000002a   Code   RO          202    .text.ADC_DMAError  stm32f1xx_hal_adc.o
    0x0800099e   0x0800099e   0x00000002   PAD
    0x080009a0   0x080009a0   0x00000016   Code   RO          200    .text.ADC_DMAHalfConvCplt  stm32f1xx_hal_adc.o
    0x080009b6   0x080009b6   0x00000002   PAD
    0x080009b8   0x080009b8   0x000000bc   Code   RO          184    .text.ADC_Enable    stm32f1xx_hal_adc.o
    0x08000a74   0x08000a74   0x000001cc   Code   RO         1787    .text.Angle_PLL_filter  filter.o
    0x08000c40   0x08000c40   0x00000026   Code   RO         1791    .text.Angle_PLL_filter_clear  filter.o
    0x08000c66   0x08000c66   0x00000002   PAD
    0x08000c68   0x08000c68   0x000000e6   Code   RO         1785    .text.Angle_PLL_filter_init  filter.o
    0x08000d4e   0x08000d4e   0x00000002   PAD
    0x08000d50   0x08000d50   0x0000002a   Code   RO         1436    .text.Angle_Sin_Cos  foc.o
    0x08000d7a   0x08000d7a   0x00000002   PAD
    0x08000d7c   0x08000d7c   0x00000004   Code   RO          118    .text.BusFault_Handler  stm32f1xx_it.o
    0x08000d80   0x08000d80   0x0000007c   Code   RO         1438    .text.Clark         foc.o
    0x08000dfc   0x08000dfc   0x00000010   Code   RO          130    .text.DMA1_Channel4_IRQHandler  stm32f1xx_it.o
    0x08000e0c   0x08000e0c   0x00000010   Code   RO          132    .text.DMA1_Channel5_IRQHandler  stm32f1xx_it.o
    0x08000e1c   0x08000e1c   0x00000050   Code   RO          409    .text.DMA_SetConfig  stm32f1xx_hal_dma.o
    0x08000e6c   0x08000e6c   0x00000080   Code   RO         1397    .text.DRV83XX_Init  drv83xx.o
    0x08000eec   0x08000eec   0x0000005a   Code   RO         1403    .text.DRV83XX_read_ALLReg  drv83xx.o
    0x08000f46   0x08000f46   0x00000002   PAD
    0x08000f48   0x08000f48   0x00000230   Code   RO         1401    .text.DRV83XX_updateCfgPara  drv83xx.o
    0x08001178   0x08001178   0x0000002e   Code   RO         1710    .text.DWT_Init      segger_rtt_port.o
    0x080011a6   0x080011a6   0x00000002   PAD
    0x080011a8   0x080011a8   0x0000006c   Code   RO         1594    .text.DeadTime_Compensation_Init  dead_comp.o
    0x08001214   0x08001214   0x00000002   Code   RO          124    .text.DebugMon_Handler  stm32f1xx_it.o
    0x08001216   0x08001216   0x00000002   PAD
    0x08001218   0x08001218   0x00000010   Code   RO         1399    .text.Delay_ms      drv83xx.o
    0x08001228   0x08001228   0x00000080   Code   RO         1423    .text.Delay_us      drv83xx.o
    0x080012a8   0x080012a8   0x0000000e   Code   RO           15    .text.Error_Handler  main.o
    0x080012b6   0x080012b6   0x00000002   PAD
    0x080012b8   0x080012b8   0x00000224   Code   RO         1444    .text.Foc_Svpwm     foc.o
    0x080014dc   0x080014dc   0x0000018a   Code   RO          233    .text.HAL_ADCEx_Calibration_Start  stm32f1xx_hal_adc_ex.o
    0x08001666   0x08001666   0x00000002   PAD
    0x08001668   0x08001668   0x00000364   Code   RO          255    .text.HAL_ADCEx_InjectedConfigChannel  stm32f1xx_hal_adc_ex.o
    0x080019cc   0x080019cc   0x00000004   PAD
    0x080019d0   0x080019d0   0x00000454   Code   RO         1253    .text.HAL_ADCEx_InjectedConvCpltCallback  foc_run.o
    0x08001e24   0x08001e24   0x0000014a   Code   RO          235    .text.HAL_ADCEx_InjectedStart  stm32f1xx_hal_adc_ex.o
    0x08001f6e   0x08001f6e   0x00000002   PAD
    0x08001f70   0x08001f70   0x00000156   Code   RO          241    .text.HAL_ADCEx_InjectedStart_IT  stm32f1xx_hal_adc_ex.o
    0x080020c6   0x080020c6   0x00000002   PAD
    0x080020c8   0x080020c8   0x0000009e   Code   RO          237    .text.HAL_ADCEx_InjectedStop  stm32f1xx_hal_adc_ex.o
    0x08002166   0x08002166   0x00000002   PAD
    0x08002168   0x08002168   0x000000aa   Code   RO          243    .text.HAL_ADCEx_InjectedStop_IT  stm32f1xx_hal_adc_ex.o
    0x08002212   0x08002212   0x00000002   PAD
    0x08002214   0x08002214   0x000001b4   Code   RO          218    .text.HAL_ADC_ConfigChannel  stm32f1xx_hal_adc.o
    0x080023c8   0x080023c8   0x00000008   Code   RO          210    .text.HAL_ADC_ConvCpltCallback  stm32f1xx_hal_adc.o
    0x080023d0   0x080023d0   0x00000008   Code   RO          214    .text.HAL_ADC_ConvHalfCpltCallback  stm32f1xx_hal_adc.o
    0x080023d8   0x080023d8   0x00000008   Code   RO          216    .text.HAL_ADC_ErrorCallback  stm32f1xx_hal_adc.o
    0x080023e0   0x080023e0   0x0000018a   Code   RO          208    .text.HAL_ADC_IRQHandler  stm32f1xx_hal_adc.o
    0x0800256a   0x0800256a   0x00000002   PAD
    0x0800256c   0x0800256c   0x00000252   Code   RO          172    .text.HAL_ADC_Init  stm32f1xx_hal_adc.o
    0x080027be   0x080027be   0x00000002   PAD
    0x080027c0   0x080027c0   0x00000008   Code   RO          212    .text.HAL_ADC_LevelOutOfWindowCallback  stm32f1xx_hal_adc.o
    0x080027c8   0x080027c8   0x0000018e   Code   RO           37    .text.HAL_ADC_MspInit  adc.o
    0x08002956   0x08002956   0x00000002   PAD
    0x08002958   0x08002958   0x00000226   Code   RO          196    .text.HAL_ADC_Start_DMA  stm32f1xx_hal_adc.o
    0x08002b7e   0x08002b7e   0x00000002   PAD
    0x08002b80   0x08002b80   0x0000007c   Code   RO          413    .text.HAL_DMA_Abort  stm32f1xx_hal_dma.o
    0x08002bfc   0x08002bfc   0x00000318   Code   RO          415    .text.HAL_DMA_Abort_IT  stm32f1xx_hal_dma.o
    0x08002f14   0x08002f14   0x00000684   Code   RO          419    .text.HAL_DMA_IRQHandler  stm32f1xx_hal_dma.o
    0x08003598   0x08003598   0x000000f4   Code   RO          403    .text.HAL_DMA_Init  stm32f1xx_hal_dma.o
    0x0800368c   0x0800368c   0x000000ca   Code   RO          411    .text.HAL_DMA_Start_IT  stm32f1xx_hal_dma.o
    0x08003756   0x08003756   0x00000002   PAD
    0x08003758   0x08003758   0x00000042   Code   RO          286    .text.HAL_Delay     stm32f1xx_hal.o
    0x0800379a   0x0800379a   0x00000002   PAD
    0x0800379c   0x0800379c   0x00000356   Code   RO          380    .text.HAL_GPIO_Init  stm32f1xx_hal_gpio.o
    0x08003af2   0x08003af2   0x00000002   PAD
    0x08003af4   0x08003af4   0x00000026   Code   RO          388    .text.HAL_GPIO_TogglePin  stm32f1xx_hal_gpio.o
    0x08003b1a   0x08003b1a   0x00000002   PAD
    0x08003b1c   0x08003b1c   0x0000002e   Code   RO          386    .text.HAL_GPIO_WritePin  stm32f1xx_hal_gpio.o
    0x08003b4a   0x08003b4a   0x00000002   PAD
    0x08003b4c   0x08003b4c   0x0000000c   Code   RO          278    .text.HAL_GetTick   stm32f1xx_hal.o
    0x08003b58   0x08003b58   0x0000001a   Code   RO          276    .text.HAL_IncTick   stm32f1xx_hal.o
    0x08003b72   0x08003b72   0x00000002   PAD
    0x08003b74   0x08003b74   0x00000026   Code   RO          266    .text.HAL_Init      stm32f1xx_hal.o
    0x08003b9a   0x08003b9a   0x00000002   PAD
    0x08003b9c   0x08003b9c   0x00000070   Code   RO          268    .text.HAL_InitTick  stm32f1xx_hal.o
    0x08003c0c   0x08003c0c   0x00000064   Code   RO          151    .text.HAL_MspInit   stm32f1xx_hal_msp.o
    0x08003c70   0x08003c70   0x00000014   Code   RO          448    .text.HAL_NVIC_EnableIRQ  stm32f1xx_hal_cortex.o
    0x08003c84   0x08003c84   0x00000032   Code   RO          440    .text.HAL_NVIC_SetPriority  stm32f1xx_hal_cortex.o
    0x08003cb6   0x08003cb6   0x00000002   PAD
    0x08003cb8   0x08003cb8   0x00000010   Code   RO          436    .text.HAL_NVIC_SetPriorityGrouping  stm32f1xx_hal_cortex.o
    0x08003cc8   0x08003cc8   0x000001ac   Code   RO          369    .text.HAL_RCCEx_GetPeriphCLKFreq  stm32f1xx_hal_rcc_ex.o
    0x08003e74   0x08003e74   0x000001c8   Code   RO          365    .text.HAL_RCCEx_PeriphCLKConfig  stm32f1xx_hal_rcc_ex.o
    0x0800403c   0x0800403c   0x00000256   Code   RO          332    .text.HAL_RCC_ClockConfig  stm32f1xx_hal_rcc.o
    0x08004292   0x08004292   0x00000002   PAD
    0x08004294   0x08004294   0x0000000c   Code   RO          342    .text.HAL_RCC_GetHCLKFreq  stm32f1xx_hal_rcc.o
    0x080042a0   0x080042a0   0x00000022   Code   RO          344    .text.HAL_RCC_GetPCLK1Freq  stm32f1xx_hal_rcc.o
    0x080042c2   0x080042c2   0x00000002   PAD
    0x080042c4   0x080042c4   0x00000022   Code   RO          346    .text.HAL_RCC_GetPCLK2Freq  stm32f1xx_hal_rcc.o
    0x080042e6   0x080042e6   0x00000002   PAD
    0x080042e8   0x080042e8   0x000000bc   Code   RO          334    .text.HAL_RCC_GetSysClockFreq  stm32f1xx_hal_rcc.o
    0x080043a4   0x080043a4   0x0000067a   Code   RO          328    .text.HAL_RCC_OscConfig  stm32f1xx_hal_rcc.o
    0x08004a1e   0x08004a1e   0x00000002   PAD
    0x08004a20   0x08004a20   0x00000008   Code   RO          739    .text.HAL_SPI_ErrorCallback  stm32f1xx_hal_spi.o
    0x08004a28   0x08004a28   0x000001fc   Code   RO          735    .text.HAL_SPI_IRQHandler  stm32f1xx_hal_spi.o
    0x08004c24   0x08004c24   0x000000f8   Code   RO          655    .text.HAL_SPI_Init  stm32f1xx_hal_spi.o
    0x08004d1c   0x08004d1c   0x0000013c   Code   RO           70    .text.HAL_SPI_MspInit  spi.o
    0x08004e58   0x08004e58   0x000003a2   Code   RO          669    .text.HAL_SPI_TransmitReceive  stm32f1xx_hal_spi.o
    0x080051fa   0x080051fa   0x00000002   PAD
    0x080051fc   0x080051fc   0x00000010   Code   RO          460    .text.HAL_SYSTICK_Config  stm32f1xx_hal_cortex.o
    0x0800520c   0x0800520c   0x00000008   Code   RO         1095    .text.HAL_TIMEx_BreakCallback  stm32f1xx_hal_tim_ex.o
    0x08005214   0x08005214   0x00000008   Code   RO         1091    .text.HAL_TIMEx_CommutCallback  stm32f1xx_hal_tim_ex.o
    0x0800521c   0x0800521c   0x000000b2   Code   RO         1087    .text.HAL_TIMEx_ConfigBreakDeadTime  stm32f1xx_hal_tim_ex.o
    0x080052ce   0x080052ce   0x00000002   PAD
    0x080052d0   0x080052d0   0x00000100   Code   RO         1085    .text.HAL_TIMEx_MasterConfigSynchronization  stm32f1xx_hal_tim_ex.o
    0x080053d0   0x080053d0   0x0000009c   Code   RO          772    .text.HAL_TIM_Base_Init  stm32f1xx_hal_tim.o
    0x0800546c   0x0800546c   0x00000062   Code   RO           88    .text.HAL_TIM_Base_MspInit  tim.o
    0x080054ce   0x080054ce   0x00000002   PAD
    0x080054d0   0x080054d0   0x000000d4   Code   RO          786    .text.HAL_TIM_Base_Start_IT  stm32f1xx_hal_tim.o
    0x080055a4   0x080055a4   0x00000184   Code   RO          964    .text.HAL_TIM_ConfigClockSource  stm32f1xx_hal_tim.o
    0x08005728   0x08005728   0x00000008   Code   RO          908    .text.HAL_TIM_IC_CaptureCallback  stm32f1xx_hal_tim.o
    0x08005730   0x08005730   0x0000021a   Code   RO          906    .text.HAL_TIM_IRQHandler  stm32f1xx_hal_tim.o
    0x0800594a   0x0800594a   0x00000002   PAD
    0x0800594c   0x0800594c   0x00000060   Code   RO           86    .text.HAL_TIM_MspPostInit  tim.o
    0x080059ac   0x080059ac   0x00000008   Code   RO          910    .text.HAL_TIM_OC_DelayElapsedCallback  stm32f1xx_hal_tim.o
    0x080059b4   0x080059b4   0x00000142   Code   RO          938    .text.HAL_TIM_PWM_ConfigChannel  stm32f1xx_hal_tim.o
    0x08005af6   0x08005af6   0x00000002   PAD
    0x08005af8   0x08005af8   0x0000009c   Code   RO          826    .text.HAL_TIM_PWM_Init  stm32f1xx_hal_tim.o
    0x08005b94   0x08005b94   0x00000008   Code   RO          828    .text.HAL_TIM_PWM_MspInit  stm32f1xx_hal_tim.o
    0x08005b9c   0x08005b9c   0x00000008   Code   RO          912    .text.HAL_TIM_PWM_PulseFinishedCallback  stm32f1xx_hal_tim.o
    0x08005ba4   0x08005ba4   0x000001aa   Code   RO          834    .text.HAL_TIM_PWM_Start  stm32f1xx_hal_tim.o
    0x08005d4e   0x08005d4e   0x00000002   PAD
    0x08005d50   0x08005d50   0x00000108   Code   RO          836    .text.HAL_TIM_PWM_Stop  stm32f1xx_hal_tim.o
    0x08005e58   0x08005e58   0x00000008   Code   RO          914    .text.HAL_TIM_PeriodElapsedCallback  stm32f1xx_hal_tim.o
    0x08005e60   0x08005e60   0x00000008   Code   RO          916    .text.HAL_TIM_TriggerCallback  stm32f1xx_hal_tim.o
    0x08005e68   0x08005e68   0x0000000c   Code   RO         1200    .text.HAL_UARTEx_RxEventCallback  stm32f1xx_hal_uart.o
    0x08005e74   0x08005e74   0x00000008   Code   RO         1198    .text.HAL_UART_ErrorCallback  stm32f1xx_hal_uart.o
    0x08005e7c   0x08005e7c   0x0000042a   Code   RO         1192    .text.HAL_UART_IRQHandler  stm32f1xx_hal_uart.o
    0x080062a6   0x080062a6   0x00000002   PAD
    0x080062a8   0x080062a8   0x0000009e   Code   RO         1108    .text.HAL_UART_Init  stm32f1xx_hal_uart.o
    0x08006346   0x08006346   0x00000002   PAD
    0x08006348   0x08006348   0x000000a8   Code   RO          102    .text.HAL_UART_MspInit  usart.o
    0x080063f0   0x080063f0   0x00000008   Code   RO         1210    .text.HAL_UART_RxCpltCallback  stm32f1xx_hal_uart.o
    0x080063f8   0x080063f8   0x00000008   Code   RO         1206    .text.HAL_UART_TxCpltCallback  stm32f1xx_hal_uart.o
    0x08006400   0x08006400   0x0000017c   Code   RO         1373    .text.I2C_Unstick   soft_iic.o
    0x0800657c   0x0800657c   0x00000144   Code   RO         1718    .text.JS_RTT_PLUS_SendData  segger_rtt_port.o
    0x080066c0   0x080066c0   0x0000018c   Code   RO         1716    .text.JS_RTT_PLUS_WaitForConfig  segger_rtt_port.o
    0x0800684c   0x0800684c   0x00000076   Code   RO         1469    .text.Limit_Sat     foc_pid.o
    0x080068c2   0x080068c2   0x00000002   PAD
    0x080068c4   0x080068c4   0x00000076   Code   RO         1482    .text.Limit_Sat     speed_pid.o
    0x0800693a   0x0800693a   0x00000002   PAD
    0x0800693c   0x0800693c   0x00000076   Code   RO         1789    .text.Limit_Sat     filter.o
    0x080069b2   0x080069b2   0x00000002   PAD
    0x080069b4   0x080069b4   0x000000ae   Code   RO           33    .text.MX_ADC1_Init  adc.o
    0x08006a62   0x08006a62   0x00000002   PAD
    0x08006a64   0x08006a64   0x00000084   Code   RO           35    .text.MX_ADC2_Init  adc.o
    0x08006ae8   0x08006ae8   0x0000004e   Code   RO           51    .text.MX_DMA_Init   dma.o
    0x08006b36   0x08006b36   0x00000002   PAD
    0x08006b38   0x08006b38   0x00000206   Code   RO           25    .text.MX_GPIO_Init  gpio.o
    0x08006d3e   0x08006d3e   0x00000002   PAD
    0x08006d40   0x08006d40   0x00000054   Code   RO           68    .text.MX_SPI2_Init  spi.o
    0x08006d94   0x08006d94   0x0000017e   Code   RO           84    .text.MX_TIM1_Init  tim.o
    0x08006f12   0x08006f12   0x00000002   PAD
    0x08006f14   0x08006f14   0x00000040   Code   RO          100    .text.MX_USART2_UART_Init  usart.o
    0x08006f54   0x08006f54   0x00000004   Code   RO          116    .text.MemManage_Handler  stm32f1xx_it.o
    0x08006f58   0x08006f58   0x00000004   Code   RO          114    .text.NMI_Handler   stm32f1xx_it.o
    0x08006f5c   0x08006f5c   0x0000006c   Code   RO          446    .text.NVIC_EncodePriority  stm32f1xx_hal_cortex.o
    0x08006fc8   0x08006fc8   0x000000ae   Code   RO         1308    .text.Offset_CurrentReading  main_user.o
    0x08007076   0x08007076   0x00000002   PAD
    0x08007078   0x08007078   0x00000062   Code   RO         1298    .text.Offset_Current_Start  main_user.o
    0x080070da   0x080070da   0x00000002   PAD
    0x080070dc   0x080070dc   0x000000aa   Code   RO         1302    .text.Param_deinit  main_user.o
    0x08007186   0x08007186   0x00000002   PAD
    0x08007188   0x08007188   0x000001c0   Code   RO         1300    .text.Param_init    main_user.o
    0x08007348   0x08007348   0x0000005c   Code   RO         1440    .text.Park          foc.o
    0x080073a4   0x080073a4   0x00000002   Code   RO          126    .text.PendSV_Handler  stm32f1xx_it.o
    0x080073a6   0x080073a6   0x00000002   PAD
    0x080073a8   0x080073a8   0x0000003a   Code   RO          330    .text.RCC_Delay     stm32f1xx_hal_rcc.o
    0x080073e2   0x080073e2   0x00000002   PAD
    0x080073e4   0x080073e4   0x00000110   Code   RO         1446    .text.RevPark_Circle_Limitation_cmsis  foc.o
    0x080074f4   0x080074f4   0x0000005c   Code   RO         1442    .text.Reverse_Park  foc.o
    0x08007550   0x08007550   0x000000d8   Code   RO         1486    .text.SCurve_Init   speed_pid.o
    0x08007628   0x08007628   0x0000032e   Code   RO         1494    .text.SCurve_Plan   speed_pid.o
    0x08007956   0x08007956   0x00000002   PAD
    0x08007958   0x08007958   0x0000023e   Code   RO         1492    .text.SCurve_Update  speed_pid.o
    0x08007b96   0x08007b96   0x00000002   PAD
    0x08007b98   0x08007b98   0x000000a4   Code   RO         1666    .text.SEGGER_RTT_ConfigDownBuffer  segger_rtt.o
    0x08007c3c   0x08007c3c   0x000000a0   Code   RO         1664    .text.SEGGER_RTT_ConfigUpBuffer  segger_rtt.o
    0x08007cdc   0x08007cdc   0x00000008   Code   RO         1676    .text.SEGGER_RTT_Init  segger_rtt.o
    0x08007ce4   0x08007ce4   0x0000000c   Code   RO         1714    .text.SEGGER_RTT_PLUS_Port_Init  segger_rtt_port.o
    0x08007cf0   0x08007cf0   0x00000030   Code   RO         1624    .text.SEGGER_RTT_Read  segger_rtt.o
    0x08007d20   0x08007d20   0x00000138   Code   RO         1620    .text.SEGGER_RTT_ReadNoLock  segger_rtt.o
    0x08007e58   0x08007e58   0x0000019a   Code   RO         1706    .text.SEGGER_RTT_TimeStamp_get  segger_rtt_port.o
    0x08007ff2   0x08007ff2   0x00000002   PAD
    0x08007ff4   0x08007ff4   0x00000048   Code   RO         1702    .text.SEGGER_RTT_TimeStamp_reset  segger_rtt_port.o
    0x0800803c   0x0800803c   0x0000004c   Code   RO         1640    .text.SEGGER_RTT_Write  segger_rtt.o
    0x08008088   0x08008088   0x000000b0   Code   RO         1636    .text.SEGGER_RTT_WriteNoLock  segger_rtt.o
    0x08008138   0x08008138   0x00000010   Code   RO          140    .text.SPI2_IRQHandler  stm32f1xx_it.o
    0x08008148   0x08008148   0x00000020   Code   RO          737    .text.SPI_DMAAbortOnError  stm32f1xx_hal_spi.o
    0x08008168   0x08008168   0x0000006a   Code   RO          665    .text.SPI_EndRxTxTransaction  stm32f1xx_hal_spi.o
    0x080081d2   0x080081d2   0x00000002   PAD
    0x080081d4   0x080081d4   0x0000012a   Code   RO          763    .text.SPI_WaitFlagStateUntilTimeout  stm32f1xx_hal_spi.o
    0x080082fe   0x080082fe   0x00000002   PAD
    0x08008300   0x08008300   0x00000002   Code   RO          122    .text.SVC_Handler   stm32f1xx_it.o
    0x08008302   0x08008302   0x00000002   PAD
    0x08008304   0x08008304   0x0000001e   Code   RO         1369    .text.SoftI2C_RegisterAndInit  soft_iic.o
    0x08008322   0x08008322   0x00000002   PAD
    0x08008324   0x08008324   0x00000076   Code   RO         1480    .text.Speed_pid_c   speed_pid.o
    0x0800839a   0x0800839a   0x00000002   PAD
    0x0800839c   0x0800839c   0x0000004c   Code   RO         1327    .text.StartPWM      task_function.o
    0x080083e8   0x080083e8   0x0000004c   Code   RO         1329    .text.StopPWM       task_function.o
    0x08008434   0x08008434   0x00000052   Code   RO          462    .text.SysTick_Config  stm32f1xx_hal_cortex.o
    0x08008486   0x08008486   0x00000002   PAD
    0x08008488   0x08008488   0x00000008   Code   RO          128    .text.SysTick_Handler  stm32f1xx_it.o
    0x08008490   0x08008490   0x00000098   Code   RO           13    .text.SystemClock_Config  main.o
    0x08008528   0x08008528   0x00000012   Code   RO         1239    .text.SystemInit    system_stm32f1xx.o
    0x0800853a   0x0800853a   0x00000002   PAD
    0x0800853c   0x0800853c   0x00000010   Code   RO          136    .text.TIM1_BRK_IRQHandler  stm32f1xx_it.o
    0x0800854c   0x0800854c   0x00000010   Code   RO          138    .text.TIM1_UP_IRQHandler  stm32f1xx_it.o
    0x0800855c   0x0800855c   0x00000156   Code   RO          776    .text.TIM_Base_SetConfig  stm32f1xx_hal_tim.o
    0x080086b2   0x080086b2   0x00000002   PAD
    0x080086b4   0x080086b4   0x00000036   Code   RO          810    .text.TIM_CCxChannelCmd  stm32f1xx_hal_tim.o
    0x080086ea   0x080086ea   0x00000002   PAD
    0x080086ec   0x080086ec   0x00000034   Code   RO          962    .text.TIM_ETR_SetConfig  stm32f1xx_hal_tim.o
    0x08008720   0x08008720   0x0000002a   Code   RO          968    .text.TIM_ITRx_SetConfig  stm32f1xx_hal_tim.o
    0x0800874a   0x0800874a   0x00000002   PAD
    0x0800874c   0x0800874c   0x000000ee   Code   RO          920    .text.TIM_OC1_SetConfig  stm32f1xx_hal_tim.o
    0x0800883a   0x0800883a   0x00000002   PAD
    0x0800883c   0x0800883c   0x000000f8   Code   RO          922    .text.TIM_OC2_SetConfig  stm32f1xx_hal_tim.o
    0x08008934   0x08008934   0x000000f6   Code   RO          924    .text.TIM_OC3_SetConfig  stm32f1xx_hal_tim.o
    0x08008a2a   0x08008a2a   0x00000002   PAD
    0x08008a2c   0x08008a2c   0x000000a6   Code   RO          926    .text.TIM_OC4_SetConfig  stm32f1xx_hal_tim.o
    0x08008ad2   0x08008ad2   0x00000002   PAD
    0x08008ad4   0x08008ad4   0x00000050   Code   RO          966    .text.TIM_TI1_ConfigInputStage  stm32f1xx_hal_tim.o
    0x08008b24   0x08008b24   0x00000052   Code   RO          970    .text.TIM_TI2_ConfigInputStage  stm32f1xx_hal_tim.o
    0x08008b76   0x08008b76   0x00000002   PAD
    0x08008b78   0x08008b78   0x00000020   Code   RO         1196    .text.UART_DMAAbortOnError  stm32f1xx_hal_uart.o
    0x08008b98   0x08008b98   0x00000094   Code   RO         1156    .text.UART_EndRxTransfer  stm32f1xx_hal_uart.o
    0x08008c2c   0x08008c2c   0x00000026   Code   RO         1204    .text.UART_EndTransmit_IT  stm32f1xx_hal_uart.o
    0x08008c52   0x08008c52   0x00000002   PAD
    0x08008c54   0x08008c54   0x0000016a   Code   RO         1194    .text.UART_Receive_IT  stm32f1xx_hal_uart.o
    0x08008dbe   0x08008dbe   0x00000002   PAD
    0x08008dc0   0x08008dc0   0x000000ba   Code   RO         1112    .text.UART_SetConfig  stm32f1xx_hal_uart.o
    0x08008e7a   0x08008e7a   0x00000002   PAD
    0x08008e7c   0x08008e7c   0x00000094   Code   RO         1202    .text.UART_Transmit_IT  stm32f1xx_hal_uart.o
    0x08008f10   0x08008f10   0x00000010   Code   RO          142    .text.USART2_IRQHandler  stm32f1xx_it.o
    0x08008f20   0x08008f20   0x00000004   Code   RO          120    .text.UsageFault_Handler  stm32f1xx_it.o
    0x08008f24   0x08008f24   0x000000a4   Code   RO         1618    .text._DoInit       segger_rtt.o
    0x08008fc8   0x08008fc8   0x0000003e   Code   RO         1630    .text._GetAvailWriteSpace  segger_rtt.o
    0x08009006   0x08009006   0x00000002   PAD
    0x08009008   0x08009008   0x000000e4   Code   RO         1634    .text._WriteBlocking  segger_rtt.o
    0x080090ec   0x080090ec   0x0000008c   Code   RO         1632    .text._WriteNoCheck  segger_rtt.o
    0x08009178   0x08009178   0x00000030   Code   RO          450    .text.__NVIC_EnableIRQ  stm32f1xx_hal_cortex.o
    0x080091a8   0x080091a8   0x00000010   Code   RO          442    .text.__NVIC_GetPriorityGrouping  stm32f1xx_hal_cortex.o
    0x080091b8   0x080091b8   0x00000042   Code   RO          444    .text.__NVIC_SetPriority  stm32f1xx_hal_cortex.o
    0x080091fa   0x080091fa   0x00000002   PAD
    0x080091fc   0x080091fc   0x0000003c   Code   RO          438    .text.__NVIC_SetPriorityGrouping  stm32f1xx_hal_cortex.o
    0x08009238   0x08009238   0x00000098   Code   RO         1847    .text.arm_cos_f32   arm_cortexM4lf_math.lib(arm_cos_f32.o)
    0x080092d0   0x080092d0   0x00000090   Code   RO         1856    .text.arm_sin_f32   arm_cortexM4lf_math.lib(arm_sin_f32.o)
    0x08009360   0x08009360   0x00000084   Code   RO         1338    .text.bsp_as5600GetAngle  as5600.o
    0x080093e4   0x080093e4   0x00000030   Code   RO         1340    .text.bsp_as5600GetRawAngle  as5600.o
    0x08009414   0x08009414   0x000001d8   Code   RO         1358    .text.bsp_as5600GetSpeed  as5600.o
    0x080095ec   0x080095ec   0x00000060   Code   RO         1352    .text.bsp_as5600Init  as5600.o
    0x0800964c   0x0800964c   0x000001c0   Code   RO         1806    .text.cm_backtrace_call_stack  cm_backtrace.o
    0x0800980c   0x0800980c   0x000002a0   Code   RO         1814    .text.cm_backtrace_fault  cm_backtrace.o
    0x08009aac   0x08009aac   0x00000036   Code   RO         1804    .text.cm_backtrace_firmware_info  cm_backtrace.o
    0x08009ae2   0x08009ae2   0x00000002   PAD
    0x08009ae4   0x08009ae4   0x000000c0   Code   RO         1802    .text.cm_backtrace_init  cm_backtrace.o
    0x08009ba4   0x08009ba4   0x000000b8   Code   RO         1465    .text.current_d_pid_Init  foc_pid.o
    0x08009c5c   0x08009c5c   0x00000076   Code   RO         1467    .text.current_pid_Control  foc_pid.o
    0x08009cd2   0x08009cd2   0x00000002   PAD
    0x08009cd4   0x08009cd4   0x000000c8   Code   RO         1463    .text.current_q_pid_Init  foc_pid.o
    0x08009d9c   0x08009d9c   0x00000064   Code   RO         1808    .text.disassembly_ins_is_bl_blx  cm_backtrace.o
    0x08009e00   0x08009e00   0x0000058c   Code   RO         1818    .text.fault_diagnosis  cm_backtrace.o
    0x0800a38c   0x0800a38c   0x00000018   Code   RO         1304    .text.fputc         main_user.o
    0x0800a3a4   0x0800a3a4   0x00000034   Code   RO         1598    .text.get_weight_from_phasecurrent  dead_comp.o
    0x0800a3d8   0x0800a3d8   0x00000002   Code   RO         1375    .text.gpio_deinit_hw_i2c  soft_iic.o
    0x0800a3da   0x0800a3da   0x00000002   PAD
    0x0800a3dc   0x0800a3dc   0x00000002   Code   RO         1379    .text.gpio_reinit_hw_i2c  soft_iic.o
    0x0800a3de   0x0800a3de   0x00000002   PAD
    0x0800a3e0   0x0800a3e0   0x00000042   Code   RO         1377    .text.gpio_set_out_od  soft_iic.o
    0x0800a422   0x0800a422   0x00000002   PAD
    0x0800a424   0x0800a424   0x00000030   Code   RO         1346    .text.i2cRead       as5600.o
    0x0800a454   0x0800a454   0x0000003a   Code   RO         1354    .text.i2c_Mem_Read  as5600.o
    0x0800a48e   0x0800a48e   0x00000002   PAD
    0x0800a490   0x0800a490   0x000000c2   Code   RO         1325    .text.knob_control  task_function.o
    0x0800a552   0x0800a552   0x00000002   PAD
    0x0800a554   0x0800a554   0x00000034   Code   RO           11    .text.main          main.o
    0x0800a588   0x0800a588   0x00000230   Code   RO         1296    .text.main_user     main_user.o
    0x0800a7b8   0x0800a7b8   0x0000000c   Code   RO         1528    .text.pi_Position_FF  position_pid.o
    0x0800a7c4   0x0800a7c4   0x000000b4   Code   RO         1530    .text.position_PID_Init  position_pid.o
    0x0800a878   0x0800a878   0x000000d4   Code   RO         1812    .text.print_call_stack  cm_backtrace.o
    0x0800a94c   0x0800a94c   0x00000072   Code   RO         1407    .text.read_reg      drv83xx.o
    0x0800a9be   0x0800a9be   0x00000002   PAD
    0x0800a9c0   0x0800a9c0   0x00000188   Code   RO         1371    .text.softi2c_init  soft_iic.o
    0x0800ab48   0x0800ab48   0x00000c6a   Code   RO         1387    .text.softi2c_master_mem_read  soft_iic.o
    0x0800b7b2   0x0800b7b2   0x00000002   PAD
    0x0800b7b4   0x0800b7b4   0x00000522   Code   RO         1383    .text.softi2c_master_read  soft_iic.o
    0x0800bcd6   0x0800bcd6   0x00000002   PAD
    0x0800bcd8   0x0800bcd8   0x000000c0   Code   RO         1490    .text.speed_Loop_Handle  speed_pid.o
    0x0800bd98   0x0800bd98   0x000000e8   Code   RO         1484    .text.speed_pid_init  speed_pid.o
    0x0800be80   0x0800be80   0x000000ae   Code   RO         1488    .text.speedset      speed_pid.o
    0x0800bf2e   0x0800bf2e   0x00000002   PAD
    0x0800bf30   0x0800bf30   0x0000002c   Code   RO         1425    .text.spi_receive   drv83xx.o
    0x0800bf5c   0x0800bf5c   0x0000002c   Code   RO         1421    .text.spi_transmit  drv83xx.o
    0x0800bf88   0x0800bf88   0x00000038   Code   RO         1816    .text.statck_del_fpu_regs  cm_backtrace.o
    0x0800bfc0   0x0800bfc0   0x0000000c   Code   RO         1704    .text.tb_read_ticks  segger_rtt_port.o
    0x0800bfcc   0x0800bfcc   0x000000ae   Code   RO         1405    .text.write_reg     drv83xx.o
    0x0800c07a   0x0800c07a   0x00000002   PAD
    0x0800c07c   0x0800c07c   0x00000020   Code   RO         2195    i.__0printf         mc_w.l(printfa.o)
    0x0800c09c   0x0800c09c   0x00000028   Code   RO         2197    i.__0sprintf        mc_w.l(printfa.o)
    0x0800c0c4   0x0800c0c4   0x00000026   Code   RO         2264    i.__ARM_fpclassifyf  m_wm.l(fpclassifyf.o)
    0x0800c0ea   0x0800c0ea   0x00000002   PAD
    0x0800c0ec   0x0800c0ec   0x000002ac   Code   RO         2145    i.__hardfp_atan2f   m_wm.l(atan2f.o)
    0x0800c398   0x0800c398   0x000000b0   Code   RO         2151    i.__hardfp_fmodf    m_wm.l(fmodf.o)
    0x0800c448   0x0800c448   0x0000003a   Code   RO         2169    i.__hardfp_sqrtf    m_wm.l(sqrtf.o)
    0x0800c482   0x0800c482   0x00000006   Code   RO         2268    i.__mathlib_flt_infnan2  m_wm.l(funder.o)
    0x0800c488   0x0800c488   0x00000010   Code   RO         2269    i.__mathlib_flt_invalid  m_wm.l(funder.o)
    0x0800c498   0x0800c498   0x00000010   Code   RO         2272    i.__mathlib_flt_underflow  m_wm.l(funder.o)
    0x0800c4a8   0x0800c4a8   0x0000000e   Code   RO         2345    i.__scatterload_copy  mc_w.l(handlers.o)
    0x0800c4b6   0x0800c4b6   0x00000002   Code   RO         2346    i.__scatterload_null  mc_w.l(handlers.o)
    0x0800c4b8   0x0800c4b8   0x0000000e   Code   RO         2347    i.__scatterload_zeroinit  mc_w.l(handlers.o)
    0x0800c4c6   0x0800c4c6   0x00000002   PAD
    0x0800c4c8   0x0800c4c8   0x0000000c   Code   RO         2317    i.__set_errno       mc_w.l(errno.o)
    0x0800c4d4   0x0800c4d4   0x00000184   Code   RO         2202    i._fp_digits        mc_w.l(printfa.o)
    0x0800c658   0x0800c658   0x000006dc   Code   RO         2203    i._printf_core      mc_w.l(printfa.o)
    0x0800cd34   0x0800cd34   0x00000024   Code   RO         2204    i._printf_post_padding  mc_w.l(printfa.o)
    0x0800cd58   0x0800cd58   0x0000002e   Code   RO         2205    i._printf_pre_padding  mc_w.l(printfa.o)
    0x0800cd86   0x0800cd86   0x0000000a   Code   RO         2207    i._sputc            mc_w.l(printfa.o)
    0x0800cd90   0x0800cd90   0x0000006c   Code   RO         2223    i.malloc            mc_w.l(malloc.o)
    0x0800cdfc   0x0800cdfc   0x00000002   Data   RO         1734    .rodata..L.str.4    segger_rtt_port.o
    0x0800cdfe   0x0800cdfe   0x00000002   PAD
    0x0800ce00   0x0800ce00   0x00000020   Data   RO         1833    .rodata..L__const.cm_backtrace_fault.regs_name  cm_backtrace.o
    0x0800ce20   0x0800ce20   0x00000010   Data   RO         1244    .rodata.AHBPrescTable  system_stm32f1xx.o
    0x0800ce30   0x0800ce30   0x00000008   Data   RO         1245    .rodata.APBPrescTable  system_stm32f1xx.o
    0x0800ce38   0x0800ce38   0x00000010   Data   RO          371    .rodata.HAL_RCCEx_GetPeriphCLKFreq.aPLLMULFactorTable  stm32f1xx_hal_rcc_ex.o
    0x0800ce48   0x0800ce48   0x00000002   Data   RO          372    .rodata.HAL_RCCEx_GetPeriphCLKFreq.aPredivFactorTable  stm32f1xx_hal_rcc_ex.o
    0x0800ce4a   0x0800ce4a   0x00000010   Data   RO          356    .rodata.HAL_RCC_GetSysClockFreq.aPLLMULFactorTable  stm32f1xx_hal_rcc.o
    0x0800ce5a   0x0800ce5a   0x00000002   Data   RO          357    .rodata.HAL_RCC_GetSysClockFreq.aPredivFactorTable  stm32f1xx_hal_rcc.o
    0x0800ce5c   0x0800ce5c   0x00000011   Data   RO         1691    .rodata._DoInit._aInitStr  segger_rtt.o
    0x0800ce6d   0x0800ce6d   0x00000003   PAD
    0x0800ce70   0x0800ce70   0x00000098   Data   RO         1827    .rodata.print_info  cm_backtrace.o
    0x0800cf08   0x0800cf08   0x00000804   Data   RO         2040    .rodata.sinTable_f32  arm_cortexM4lf_math.lib(arm_common_tables.o)
    0x0800d70c   0x0800d70c   0x00000031   Data   RO         1310    .rodata.str1.1      main_user.o
    0x0800d73d   0x0800d73d   0x00000009   Data   RO         1692    .rodata.str1.1      segger_rtt.o
    0x0800d746   0x0800d746   0x0000005d   Data   RO         1725    .rodata.str1.1      segger_rtt_port.o
    0x0800d7a3   0x0800d7a3   0x00000900   Data   RO         1828    .rodata.str1.1      cm_backtrace.o
    0x0800e0a3   0x0800e0a3   0x00000001   PAD
    0x0800e0a4   0x0800e0a4   0x00000020   Data   RO         2344    Region$$Table       anon$$obj.o


    Execution Region RW_IRAM1 (Exec base: 0x20000000, Load base: 0x0800e0c8, Size: 0x00003bc8, Max: 0x00010000, ABSOLUTE)

    Exec Addr    Load Addr    Size         Type   Attr      Idx    E Section Name        Object

    0x20000000   0x0800e0c8   0x00000004   Data   RW         2297    .data               mc_w.l(stdout.o)
    0x20000004   0x0800e0cc   0x00000004   Data   RW         2313    .data               mc_w.l(mvars.o)
    0x20000008   0x0800e0d0   0x00000004   Data   RW         2314    .data               mc_w.l(mvars.o)
    0x2000000c   0x0800e0d4   0x00000004   Data   RW         2318    .data               mc_w.l(errno.o)
    0x20000010   0x0800e0d8   0x00000004   Data   RW         1729    .data.JS_RTT_PLUS_ChannelDown  segger_rtt_port.o
    0x20000014   0x0800e0dc   0x00000004   Data   RW         1728    .data.JS_RTT_PLUS_ChannelUp  segger_rtt_port.o
    0x20000018   0x0800e0e0   0x00000004   Data   RW         1243    .data.SystemCoreClock  system_stm32f1xx.o
    0x2000001c   0x0800e0e4   0x00000012   Data   RW         1427    .data.stru_config   drv83xx.o
    0x2000002e   0x0800e0f6   0x00000001   Data   RW          317    .data.uwTickFreq    stm32f1xx_hal.o
    0x2000002f   0x0800e0f7   0x00000001   PAD
    0x20000030   0x0800e0f8   0x00000004   Data   RW          316    .data.uwTickPrio    stm32f1xx_hal.o
    0x20000034   0x0800e0fc   0x00000004   PAD
    0x20000038        -       0x00000008   Zero   RW         1317    .bss.ADCSampPare    main_user.o
    0x20000040        -       0x00000004   Zero   RW         1313    .bss.ADC_ConvertedValue  main_user.o
    0x20000044        -       0x0000000c   Zero   RW         1312    .bss.AngleSin_Cos   main_user.o
    0x20000050        -       0x0000004c   Zero   RW         1360    .bss.Encoder_AS5600  as5600.o
    0x2000009c        -       0x00000004   Zero   RW         1315    .bss.Encoder_PLL_eleFilter  main_user.o
    0x200000a0        -       0x00000004   Zero   RW         1314    .bss.Encoder_PLL_mecFilter  main_user.o
    0x200000a4        -       0x00000020   Zero   RW         1733    .bss.JS_RTT_PLUS_DownBuffer  segger_rtt_port.o
    0x200000c4        -       0x00000004   Zero   RW         1730    .bss.JS_RTT_PLUS_NumVars  segger_rtt_port.o
    0x200000c8        -       0x00000800   Zero   RW         1732    .bss.JS_RTT_PLUS_UpBuffer  segger_rtt_port.o
    0x200008c8        -       0x00000008   Zero   RW         1262    .bss.MotorState     foc_run.o
    0x200008d0        -       0x00000034   Zero   RW         1455    .bss.Motor_Params   foc.o
    0x20000904        -       0x00000002   Zero   RW         1316    .bss.Offset_CurrentReading.i  main_user.o
    0x20000906   0x0800e0fc   0x00000002   PAD
    0x20000908        -       0x00000004   Zero   RW         1603    .bss.PhaseA_PLL_currentFilter  dead_comp.o
    0x2000090c        -       0x00000004   Zero   RW         1264    .bss.Predict_eleangle  foc_run.o
    0x20000910        -       0x00000004   Zero   RW         1499    .bss.SCurve_speed_ref_true  speed_pid.o
    0x20000914        -       0x00000058   Zero   RW         1497    .bss.ScurveProfile  speed_pid.o
    0x2000096c        -       0x00000004   Zero   RW         1721    .bss.TimeStamp_Fast  segger_rtt_port.o
    0x20000970        -       0x00000004   Zero   RW         1265    .bss.Vbus           foc_run.o
    0x20000974        -       0x000000a8   Zero   RW         1688    .bss._SEGGER_RTT    segger_rtt.o
    0x20000a1c        -       0x00000010   Zero   RW         1694    .bss._acDownBuffer  segger_rtt.o
    0x20000a2c        -       0x00000400   Zero   RW         1693    .bss._acUpBuffer    segger_rtt.o
    0x20000e2c   0x0800e0fc   0x00000004   PAD
    0x20000e30        -       0x000000b0   Zero   RW         1731    .bss.aVarData       segger_rtt_port.o
    0x20000ee0        -       0x00000090   Zero   RW         1834    .bss.call_stack_info  cm_backtrace.o
    0x20000f70        -       0x00000004   Zero   RW         1826    .bss.code_size      cm_backtrace.o
    0x20000f74        -       0x00000004   Zero   RW         1825    .bss.code_start_addr  cm_backtrace.o
    0x20000f78        -       0x0000002c   Zero   RW         1472    .bss.current_d_pid  foc_pid.o
    0x20000fa4        -       0x0000002c   Zero   RW         1471    .bss.current_q_pid  foc_pid.o
    0x20000fd0        -       0x00000004   Zero   RW         1267    .bss.cycles         foc_run.o
    0x20000fd4        -       0x00000004   Zero   RW         1266    .bss.end            foc_run.o
    0x20000fd8        -       0x00000020   Zero   RW         1451    .bss.foc_abc_current_i  foc.o
    0x20000ff8        -       0x00000008   Zero   RW         1452    .bss.foc_alpha_beta_i  foc.o
    0x20001000        -       0x00000008   Zero   RW         1450    .bss.foc_alpha_beta_v  foc.o
    0x20001008        -       0x00000010   Zero   RW         1453    .bss.foc_dq_i       foc.o
    0x20001018        -       0x00000008   Zero   RW         1449    .bss.foc_dq_v       foc.o
    0x20001020        -       0x0000000c   Zero   RW         1454    .bss.foc_pwm        foc.o
    0x2000102c        -       0x00000008   Zero   RW         1448    .bss.foc_sin_cos    foc.o
    0x20001034        -       0x00000004   Zero   RW         1261    .bss.func_ptr       foc_run.o
    0x20001038        -       0x00000020   Zero   RW         1820    .bss.fw_name        cm_backtrace.o
    0x20001058        -       0x0000001c   Zero   RW         1389    .bss.g_softi2c      soft_iic.o
    0x20001074        -       0x00000030   Zero   RW           41    .bss.hadc1          adc.o
    0x200010a4        -       0x00000030   Zero   RW           42    .bss.hadc2          adc.o
    0x200010d4        -       0x00000044   Zero   RW           43    .bss.hdma_adc1      adc.o
    0x20001118        -       0x00000044   Zero   RW           75    .bss.hdma_spi2_rx   spi.o
    0x2000115c        -       0x00000044   Zero   RW           76    .bss.hdma_spi2_tx   spi.o
    0x200011a0        -       0x00000058   Zero   RW           74    .bss.hspi2          spi.o
    0x200011f8        -       0x00000048   Zero   RW           92    .bss.htim1          tim.o
    0x20001240        -       0x00000048   Zero   RW          106    .bss.huart2         usart.o
    0x20001288        -       0x00000020   Zero   RW         1821    .bss.hw_ver         cm_backtrace.o
    0x200012a8        -       0x00000004   Zero   RW         1604    .bss.ia_test        dead_comp.o
    0x200012ac        -       0x00000001   Zero   RW         1829    .bss.init_ok        cm_backtrace.o
    0x200012ad   0x0800e0fc   0x00000001   PAD
    0x200012ae        -       0x0000000a   Zero   RW         1311    .bss.logicContr     main_user.o
    0x200012b8        -       0x00000004   Zero   RW         1824    .bss.main_stack_size  cm_backtrace.o
    0x200012bc        -       0x00000004   Zero   RW         1823    .bss.main_stack_start_addr  cm_backtrace.o
    0x200012c0        -       0x00000001   Zero   RW         1830    .bss.on_fault       cm_backtrace.o
    0x200012c1   0x0800e0fc   0x00000003   PAD
    0x200012c4        -       0x00000034   Zero   RW         1534    .bss.position_pid   position_pid.o
    0x200012f8        -       0x00000044   Zero   RW         1832    .bss.regs           cm_backtrace.o
    0x2000133c        -       0x00000004   Zero   RW         1723    .bss.s_cycle_rem    segger_rtt_port.o
    0x20001340        -       0x00000004   Zero   RW         1724    .bss.s_last_cycles  segger_rtt_port.o
    0x20001344   0x0800e0fc   0x00000004   PAD
    0x20001348        -       0x00000008   Zero   RW         1722    .bss.s_us_acc       segger_rtt_port.o
    0x20001350        -       0x0000002c   Zero   RW         1496    .bss.speed_pid      speed_pid.o
    0x2000137c        -       0x00000004   Zero   RW         1498    .bss.speed_ref_true  speed_pid.o
    0x20001380        -       0x00000001   Zero   RW         1831    .bss.stack_is_overflow  cm_backtrace.o
    0x20001381   0x0800e0fc   0x00000003   PAD
    0x20001384        -       0x00000004   Zero   RW         1263    .bss.start          foc_run.o
    0x20001388        -       0x00000001   Zero   RW         1835    .bss.statck_has_fpu_regs  cm_backtrace.o
    0x20001389   0x0800e0fc   0x00000001   PAD
    0x2000138a        -       0x00000010   Zero   RW         1428    .bss.stru_DRV8323Obj  drv83xx.o
    0x2000139a        -       0x00000020   Zero   RW         1822    .bss.sw_ver         cm_backtrace.o
    0x200013ba   0x0800e0fc   0x00000002   PAD
    0x200013bc        -       0x00000004   Zero   RW         1268    .bss.time_us        foc_run.o
    0x200013c0        -       0x00000004   Zero   RW          318    .bss.uwTick         stm32f1xx_hal.o
    0x200013c4   0x0800e0fc   0x00000004   PAD
    0x200013c8        -       0x00002000   Zero   RW            2    HEAP                startup_stm32f103xe.o
    0x200033c8        -       0x00000800   Zero   RW            1    STACK               startup_stm32f103xe.o


==============================================================================

Image component sizes


      Code (inc. data)   RO Data    RW Data    ZI Data      Debug   Object Name

       704          0          0          0        164       6233   adc.o
       854         32          0          0         76       4167   as5600.o
      3154          0       2488          0        328       8557   cm_backtrace.o
        12          0          0          0          0        440   cmb_fault.o
       160         20          0          0          8       4819   dead_comp.o
        78          0          0          0          0       2353   dma.o
      1298          0          0         18         16       7364   drv83xx.o
       846         16          0          0          0       5971   filter.o
      1170         20          0          0        144       4330   foc.o
       620         28          0          0         88       2047   foc_pid.o
      1108         44          0          0         36       6471   foc_run.o
       518          0          0          0          0       1908   gpio.o
       218          0          0          0          0       1983   main.o
      1474         20         49          0         44       5594   main_user.o
       192          8          0          0         52       2201   position_pid.o
      1538          0         26          0       1208      13267   segger_rtt.o
      1272          0         95          8       2280       4794   segger_rtt_port.o
      5364          0          0          0         28      34809   soft_iic.o
      2438         40          0          0        140       5405   speed_pid.o
       400          0          0          0        224       5700   spi.o
        36          8        304          0      10240        864   startup_stm32f103xe.o
       254          0          0          5          4       5913   stm32f1xx_hal.o
      2508          0          0          0          0       9379   stm32f1xx_hal_adc.o
      2262          4          0          0          0       7442   stm32f1xx_hal_adc_ex.o
       482          0          0          0          0       7864   stm32f1xx_hal_cortex.o
      3110          0          0          0          0       7330   stm32f1xx_hal_dma.o
       938          0          0          0          0       4276   stm32f1xx_hal_gpio.o
       100          0          0          0          0       1221   stm32f1xx_hal_msp.o
      2582          0         18          0          0       7434   stm32f1xx_hal_rcc.o
       884         16         18          0          0       3263   stm32f1xx_hal_rcc_ex.o
      2130          0          0          0          0      18877   stm32f1xx_hal_spi.o
      4060         14          0          0          0      35667   stm32f1xx_hal_tim.o
       450          0          0          0          0      15055   stm32f1xx_hal_tim_ex.o
      2174          0          0          0          0      19959   stm32f1xx_hal_uart.o
       154          0          0          0          0       1637   stm32f1xx_it.o
        18          0         24          4          0       1601   system_stm32f1xx.o
       346          0          0          0          0        700   task_function.o
       576          0          0          0         72       7119   tim.o
       232          0          0          0         72       5522   usart.o

    ----------------------------------------------------------------------
     46888        270       3060         36      15252     289536   Object Totals
         0          0         32          0          0          0   (incl. Generated)
       174          0          6          1         28          0   (incl. Padding)

    ----------------------------------------------------------------------

      Code (inc. data)   RO Data    RW Data    ZI Data      Debug   Library Member Name

         0          0       2052          0          0       6294   arm_common_tables.o
       152         12          0          0          0       1104   arm_cos_f32.o
       144         12          0          0          0       1092   arm_sin_f32.o
       684         90          0          0          0        208   atan2f.o
       176          0          0          0          0        168   fmodf.o
        38          0          0          0          0        116   fpclassifyf.o
        38         12          0          0          0        348   funder.o
        58          0          0          0          0        136   sqrtf.o
         0          0          0          0          0          0   entry.o
         0          0          0          0          0          0   entry10a.o
         0          0          0          0          0          0   entry11a.o
         8          4          0          0          0          0   entry2.o
         4          0          0          0          0          0   entry5.o
         0          0          0          0          0          0   entry7b.o
         0          0          0          0          0          0   entry8b.o
         8          4          0          0          0          0   entry9a.o
        12          6          0          4          0         68   errno.o
        30          0          0          0          0          0   handlers.o
        36          8          0          0          0         68   init.o
         0          0          0          0          0          0   iusefp.o
        30          0          0          0          0         68   llshl.o
        36          0          0          0          0         68   llsshr.o
        32          0          0          0          0         68   llushr.o
       108         16          0          0          0         84   malloc.o
        36          0          0          0          0         68   memcpya.o
        36          0          0          0          0        108   memseta.o
         0          0          0          8          0          0   mvars.o
      2308         96          0          0          0        604   printfa.o
         0          0          0          4          0          0   stdout.o
        18          0          0          0          0         68   strcpy.o
        24          0          0          0          0         76   strncpy.o
        44          0          0          0          0         80   uidiv.o
        98          0          0          0          0         92   uldiv.o
        48          0          0          0          0         68   cdrcmple.o
        56          0          0          0          0         88   d2f.o
       334          0          0          0          0        148   dadd.o
       222          0          0          0          0        100   ddiv.o
       186          0          0          0          0        176   depilogue.o
        48          0          0          0          0         68   dfixul.o
        26          0          0          0          0         76   dfltui.o
       228          0          0          0          0         96   dmul.o
        38          0          0          0          0         68   f2d.o
       110          0          0          0          0        168   fepilogue.o
        82          0          0          0          0         96   frem.o

    ----------------------------------------------------------------------
      5540        260       2052         16          0      12138   Library Totals
         4          0          0          0          0          0   (incl. Padding)

    ----------------------------------------------------------------------

      Code (inc. data)   RO Data    RW Data    ZI Data      Debug   Library Name

       296         24       2052          0          0       8490   arm_cortexM4lf_math.lib
       994        102          0          0          0        976   m_wm.l
      2868        134          0         16          0       1520   mc_w.l
      1378          0          0          0          0       1152   mf_w.l

    ----------------------------------------------------------------------
      5540        260       2052         16          0      12138   Library Totals

    ----------------------------------------------------------------------

==============================================================================


      Code (inc. data)   RO Data    RW Data    ZI Data      Debug   

     52428        530       5112         52      15252     299038   Grand Totals
     52428        530       5112         52      15252     299038   ELF Image Totals
     52428        530       5112         52          0          0   ROM Totals

==============================================================================

    Total RO  Size (Code + RO Data)                57540 (  56.19kB)
    Total RW  Size (RW Data + ZI Data)             15304 (  14.95kB)
    Total ROM Size (Code + RO Data + RW Data)      57592 (  56.24kB)

==============================================================================

